Archive member included to satisfy reference by file (symbol)

C:/avr-gcc/bin/../lib/gcc/avr/15.2.0/avr5\libgcc.a(_umulhisi3.o)
                              build/HAL/current/current.o (__umulhisi3)
C:/avr-gcc/bin/../lib/gcc/avr/15.2.0/avr5\libgcc.a(_udivmodhi4.o)
                              build/main.o (__udivmodhi4)
C:/avr-gcc/bin/../lib/gcc/avr/15.2.0/avr5\libgcc.a(_udivmodsi4.o)
                              build/main.o (__udivmodsi4)
C:/avr-gcc/bin/../lib/gcc/avr/15.2.0/avr5\libgcc.a(_exit.o)
                              C:/avr-gcc/bin/../lib/gcc/avr/15.2.0/../../../../avr/lib/avr5/crtatmega32.o (exit)
C:/avr-gcc/bin/../lib/gcc/avr/15.2.0/avr5\libgcc.a(_tablejump2.o)
                              build/Logic/interlocks/interlocks.o (__tablejump2__)
C:/avr-gcc/bin/../lib/gcc/avr/15.2.0/avr5\libgcc.a(_copy_data.o)
                              build/main.o (__do_copy_data)
C:/avr-gcc/bin/../lib/gcc/avr/15.2.0/avr5\libgcc.a(_clear_bss.o)
                              build/main.o (__do_clear_bss)
C:/avr-gcc/bin/../lib/gcc/avr/15.2.0/avr5\libgcc.a(_muluhisi3.o)
                              build/Logic/Flowmeter/Flowmeter.o (__muluhisi3)

Discarded input sections

 .data          0x00000000        0x0 C:/avr-gcc/bin/../lib/gcc/avr/15.2.0/../../../../avr/lib/avr5/crtatmega32.o
 .bss           0x00000000        0x0 C:/avr-gcc/bin/../lib/gcc/avr/15.2.0/../../../../avr/lib/avr5/crtatmega32.o
 .text          0x00000000        0x0 build/main.o
 .data          0x00000000        0x0 build/main.o
 .bss           0x00000000        0x0 build/main.o
 .text          0x00000000        0x0 build/HAL/Bargraph/bargraph.o
 .data          0x00000000        0x0 build/HAL/Bargraph/bargraph.o
 .bss           0x00000000        0x0 build/HAL/Bargraph/bargraph.o
 .text.BARGRAPH_SetLevel
                0x00000000       0xac build/HAL/Bargraph/bargraph.o
 .text.BARGRAPH_Off
                0x00000000       0x64 build/HAL/Bargraph/bargraph.o
 .text.BARGRAPH_Init
                0x00000000       0x76 build/HAL/Bargraph/bargraph.o
 .comment       0x00000000       0x13 build/HAL/Bargraph/bargraph.o
 .text          0x00000000        0x0 build/HAL/Buttons/buttons.o
 .data          0x00000000        0x0 build/HAL/Buttons/buttons.o
 .bss           0x00000000        0x0 build/HAL/Buttons/buttons.o
 .text.BTN_IsPressed
                0x00000000       0x30 build/HAL/Buttons/buttons.o
 .text          0x00000000        0x0 build/HAL/current/current.o
 .data          0x00000000        0x0 build/HAL/current/current.o
 .bss           0x00000000        0x0 build/HAL/current/current.o
 .text.CUR_IsOverLimit
                0x00000000       0x16 build/HAL/current/current.o
 .text          0x00000000        0x0 build/HAL/floats/floats.o
 .data          0x00000000        0x0 build/HAL/floats/floats.o
 .bss           0x00000000        0x0 build/HAL/floats/floats.o
 .text          0x00000000        0x0 build/HAL/KeyPad/KeyPad.o
 .data          0x00000000        0x0 build/HAL/KeyPad/KeyPad.o
 .bss           0x00000000        0x0 build/HAL/KeyPad/KeyPad.o
 .text.Keypad_Init
                0x00000000       0x16 build/HAL/KeyPad/KeyPad.o
 .text.KeyPad_GetPressedKey
                0x00000000       0xca build/HAL/KeyPad/KeyPad.o
 .comment       0x00000000       0x13 build/HAL/KeyPad/KeyPad.o
 .text          0x00000000        0x0 build/HAL/lcd_i2c/lcd_i2c.o
 .data          0x00000000        0x0 build/HAL/lcd_i2c/lcd_i2c.o
 .bss           0x00000000        0x0 build/HAL/lcd_i2c/lcd_i2c.o
 .text          0x00000000        0x0 build/HAL/Level/level.o
 .data          0x00000000        0x0 build/HAL/Level/level.o
 .bss           0x00000000        0x0 build/HAL/Level/level.o
 .text.LEVEL_GetBand
                0x00000000       0x3a build/HAL/Level/level.o
 .text          0x00000000        0x0 build/HAL/Pump/Pump.o
 .data          0x00000000        0x0 build/HAL/Pump/Pump.o
 .bss           0x00000000        0x0 build/HAL/Pump/Pump.o
 .text          0x00000000        0x0 build/HAL/SevenSegment/SevenSegment.o
 .data          0x00000000        0x0 build/HAL/SevenSegment/SevenSegment.o
 .bss           0x00000000        0x0 build/HAL/SevenSegment/SevenSegment.o
 .text.SevenSegment_Init
                0x00000000       0x16 build/HAL/SevenSegment/SevenSegment.o
 .rodata.SevenSegment_DisplayNumber.str1.1
                0x00000000        0xb build/HAL/SevenSegment/SevenSegment.o
 .text.SevenSegment_DisplayNumber
                0x00000000       0x54 build/HAL/SevenSegment/SevenSegment.o
 .comment       0x00000000       0x13 build/HAL/SevenSegment/SevenSegment.o
 .text          0x00000000        0x0 build/HAL/Shiftreg/Shiftreg.o
 .data          0x00000000        0x0 build/HAL/Shiftreg/Shiftreg.o
 .bss           0x00000000        0x0 build/HAL/Shiftreg/Shiftreg.o
 .text          0x00000000        0x0 build/HAL/Valve/Valve.o
 .data          0x00000000        0x0 build/HAL/Valve/Valve.o
 .bss           0x00000000        0x0 build/HAL/Valve/Valve.o
 .text          0x00000000        0x0 build/LIB/Ringbuffer/Ringbuffer.o
 .data          0x00000000        0x0 build/LIB/Ringbuffer/Ringbuffer.o
 .bss           0x00000000        0x0 build/LIB/Ringbuffer/Ringbuffer.o
 .text.RB_IsFull
                0x00000000       0x1c build/LIB/Ringbuffer/Ringbuffer.o
 .text          0x00000000        0x0 build/Logic/Console/console.o
 .data          0x00000000        0x0 build/Logic/Console/console.o
 .bss           0x00000000        0x0 build/Logic/Console/console.o
 .text.CON_SendStatus
                0x00000000        0x8 build/Logic/Console/console.o
 .text          0x00000000        0x0 build/Logic/demand/demand.o
 .data          0x00000000        0x0 build/Logic/demand/demand.o
 .bss           0x00000000        0x0 build/Logic/demand/demand.o
 .text          0x00000000        0x0 build/Logic/FaultLog/faultlog.o
 .data          0x00000000        0x0 build/Logic/FaultLog/faultlog.o
 .bss           0x00000000        0x0 build/Logic/FaultLog/faultlog.o
 .text.FLG_Append
                0x00000000       0x88 build/Logic/FaultLog/faultlog.o
 .text.FLG_IsFull
                0x00000000       0x16 build/Logic/FaultLog/faultlog.o
 .text.FLG_GetNewestFirst
                0x00000000       0x44 build/Logic/FaultLog/faultlog.o
 .text          0x00000000        0x0 build/Logic/Flowmeter/Flowmeter.o
 .data          0x00000000        0x0 build/Logic/Flowmeter/Flowmeter.o
 .bss           0x00000000        0x0 build/Logic/Flowmeter/Flowmeter.o
 .text.FLOWMETER_GetPulsesPerSec
                0x00000000        0xa build/Logic/Flowmeter/Flowmeter.o
 .text.FLOWMETER_ResetTotaliser
                0x00000000       0x16 build/Logic/Flowmeter/Flowmeter.o
 .text          0x00000000        0x0 build/Logic/interlocks/interlocks.o
 .data          0x00000000        0x0 build/Logic/interlocks/interlocks.o
 .bss           0x00000000        0x0 build/Logic/interlocks/interlocks.o
 .text          0x00000000        0x0 build/Logic/Scheduler/Scheduler.o
 .data          0x00000000        0x0 build/Logic/Scheduler/Scheduler.o
 .bss           0x00000000        0x0 build/Logic/Scheduler/Scheduler.o
 .text          0x00000000        0x0 build/Logic/tank_fsm/tank_fsm.o
 .data          0x00000000        0x0 build/Logic/tank_fsm/tank_fsm.o
 .bss           0x00000000        0x0 build/Logic/tank_fsm/tank_fsm.o
 .text          0x00000000        0x0 build/MCAL/ADC/ADC.o
 .data          0x00000000        0x0 build/MCAL/ADC/ADC.o
 .bss           0x00000000        0x0 build/MCAL/ADC/ADC.o
 .text.ADC_StartConversion
                0x00000000       0x1a build/MCAL/ADC/ADC.o
 .text.ADC_GetResult
                0x00000000       0x20 build/MCAL/ADC/ADC.o
 .text          0x00000000        0x0 build/MCAL/GPIO/GPIO.o
 .data          0x00000000        0x0 build/MCAL/GPIO/GPIO.o
 .bss           0x00000000        0x0 build/MCAL/GPIO/GPIO.o
 .text.GPIO_TogglePinValue
                0x00000000       0x4c build/MCAL/GPIO/GPIO.o
 .text.GPIO_SetPortDirection
                0x00000000       0x2a build/MCAL/GPIO/GPIO.o
 .text.GPIO_SetPortValue
                0x00000000       0x2a build/MCAL/GPIO/GPIO.o
 .text.GPIO_GetPortValue
                0x00000000       0x32 build/MCAL/GPIO/GPIO.o
 .text          0x00000000        0x0 build/MCAL/I2C/I2C.o
 .data          0x00000000        0x0 build/MCAL/I2C/I2C.o
 .bss           0x00000000        0x0 build/MCAL/I2C/I2C.o
 .text.I2C_SendRepeatedStart
                0x00000000       0x1c build/MCAL/I2C/I2C.o
 .text.I2C_SendSlaveAddressWithRead
                0x00000000       0x22 build/MCAL/I2C/I2C.o
 .text.I2C_ReceiveByte
                0x00000000       0x40 build/MCAL/I2C/I2C.o
 .text          0x00000000        0x0 build/MCAL/INTERRUPT/INTERRUPT.o
 .data          0x00000000        0x0 build/MCAL/INTERRUPT/INTERRUPT.o
 .bss           0x00000000        0x0 build/MCAL/INTERRUPT/INTERRUPT.o
 .text.INTERRUPT_DisableGlobal
                0x00000000        0xc build/MCAL/INTERRUPT/INTERRUPT.o
 .text.EXTI_Disable
                0x00000000       0x2a build/MCAL/INTERRUPT/INTERRUPT.o
 .text          0x00000000        0x0 build/MCAL/SPI/SPI.o
 .data          0x00000000        0x0 build/MCAL/SPI/SPI.o
 .bss           0x00000000        0x0 build/MCAL/SPI/SPI.o
 .text.SPI_InitSlave
                0x00000000       0x14 build/MCAL/SPI/SPI.o
 .text.SPI_SelectSlave
                0x00000000       0x3c build/MCAL/SPI/SPI.o
 .text.SPI_ReleaseSlave
                0x00000000       0x14 build/MCAL/SPI/SPI.o
 .text          0x00000000        0x0 build/MCAL/TIMER/TIMER.o
 .data          0x00000000        0x0 build/MCAL/TIMER/TIMER.o
 .bss           0x00000000        0x0 build/MCAL/TIMER/TIMER.o
 .text.TIMER0_DelayS
                0x00000000       0x4a build/MCAL/TIMER/TIMER.o
 .text.TIMER0_PWM
                0x00000000       0x40 build/MCAL/TIMER/TIMER.o
 .text.TIMER0_Stop
                0x00000000       0x16 build/MCAL/TIMER/TIMER.o
 .text.TIMER1_Init
                0x00000000       0x1e build/MCAL/TIMER/TIMER.o
 .text.TIMER1_DelayMS
                0x00000000       0x30 build/MCAL/TIMER/TIMER.o
 .text.TIMER1_PWM
                0x00000000       0x90 build/MCAL/TIMER/TIMER.o
 .text.TIMER1_Stop
                0x00000000       0x12 build/MCAL/TIMER/TIMER.o
 .text.TIMER1_ResetCounter
                0x00000000        0xa build/MCAL/TIMER/TIMER.o
 .text          0x00000000        0x0 build/MCAL/UART/UART.o
 .data          0x00000000        0x0 build/MCAL/UART/UART.o
 .bss           0x00000000        0x0 build/MCAL/UART/UART.o
 .text.UART_ReceiveByte
                0x00000000       0x1a build/MCAL/UART/UART.o
 .text.UART_IsDataReady
                0x00000000        0xa build/MCAL/UART/UART.o
 .text.UART_SetTxInterrupt
                0x00000000       0x18 build/MCAL/UART/UART.o
 .text          0x00000000        0x0 C:/avr-gcc/bin/../lib/gcc/avr/15.2.0/avr5\libgcc.a(_umulhisi3.o)
 .data          0x00000000        0x0 C:/avr-gcc/bin/../lib/gcc/avr/15.2.0/avr5\libgcc.a(_umulhisi3.o)
 .bss           0x00000000        0x0 C:/avr-gcc/bin/../lib/gcc/avr/15.2.0/avr5\libgcc.a(_umulhisi3.o)
 .text.libgcc.div
                0x00000000        0x0 C:/avr-gcc/bin/../lib/gcc/avr/15.2.0/avr5\libgcc.a(_umulhisi3.o)
 .text.libgcc   0x00000000        0x0 C:/avr-gcc/bin/../lib/gcc/avr/15.2.0/avr5\libgcc.a(_umulhisi3.o)
 .text.libgcc.prologue
                0x00000000        0x0 C:/avr-gcc/bin/../lib/gcc/avr/15.2.0/avr5\libgcc.a(_umulhisi3.o)
 .text.libgcc.builtins
                0x00000000        0x0 C:/avr-gcc/bin/../lib/gcc/avr/15.2.0/avr5\libgcc.a(_umulhisi3.o)
 .text.libgcc.fmul
                0x00000000        0x0 C:/avr-gcc/bin/../lib/gcc/avr/15.2.0/avr5\libgcc.a(_umulhisi3.o)
 .text.libgcc.fixed
                0x00000000        0x0 C:/avr-gcc/bin/../lib/gcc/avr/15.2.0/avr5\libgcc.a(_umulhisi3.o)
 .text          0x00000000        0x0 C:/avr-gcc/bin/../lib/gcc/avr/15.2.0/avr5\libgcc.a(_udivmodhi4.o)
 .data          0x00000000        0x0 C:/avr-gcc/bin/../lib/gcc/avr/15.2.0/avr5\libgcc.a(_udivmodhi4.o)
 .bss           0x00000000        0x0 C:/avr-gcc/bin/../lib/gcc/avr/15.2.0/avr5\libgcc.a(_udivmodhi4.o)
 .text.libgcc.mul
                0x00000000        0x0 C:/avr-gcc/bin/../lib/gcc/avr/15.2.0/avr5\libgcc.a(_udivmodhi4.o)
 .text.libgcc   0x00000000        0x0 C:/avr-gcc/bin/../lib/gcc/avr/15.2.0/avr5\libgcc.a(_udivmodhi4.o)
 .text.libgcc.prologue
                0x00000000        0x0 C:/avr-gcc/bin/../lib/gcc/avr/15.2.0/avr5\libgcc.a(_udivmodhi4.o)
 .text.libgcc.builtins
                0x00000000        0x0 C:/avr-gcc/bin/../lib/gcc/avr/15.2.0/avr5\libgcc.a(_udivmodhi4.o)
 .text.libgcc.fmul
                0x00000000        0x0 C:/avr-gcc/bin/../lib/gcc/avr/15.2.0/avr5\libgcc.a(_udivmodhi4.o)
 .text.libgcc.fixed
                0x00000000        0x0 C:/avr-gcc/bin/../lib/gcc/avr/15.2.0/avr5\libgcc.a(_udivmodhi4.o)
 .text          0x00000000        0x0 C:/avr-gcc/bin/../lib/gcc/avr/15.2.0/avr5\libgcc.a(_udivmodsi4.o)
 .data          0x00000000        0x0 C:/avr-gcc/bin/../lib/gcc/avr/15.2.0/avr5\libgcc.a(_udivmodsi4.o)
 .bss           0x00000000        0x0 C:/avr-gcc/bin/../lib/gcc/avr/15.2.0/avr5\libgcc.a(_udivmodsi4.o)
 .text.libgcc.mul
                0x00000000        0x0 C:/avr-gcc/bin/../lib/gcc/avr/15.2.0/avr5\libgcc.a(_udivmodsi4.o)
 .text.libgcc   0x00000000        0x0 C:/avr-gcc/bin/../lib/gcc/avr/15.2.0/avr5\libgcc.a(_udivmodsi4.o)
 .text.libgcc.prologue
                0x00000000        0x0 C:/avr-gcc/bin/../lib/gcc/avr/15.2.0/avr5\libgcc.a(_udivmodsi4.o)
 .text.libgcc.builtins
                0x00000000        0x0 C:/avr-gcc/bin/../lib/gcc/avr/15.2.0/avr5\libgcc.a(_udivmodsi4.o)
 .text.libgcc.fmul
                0x00000000        0x0 C:/avr-gcc/bin/../lib/gcc/avr/15.2.0/avr5\libgcc.a(_udivmodsi4.o)
 .text.libgcc.fixed
                0x00000000        0x0 C:/avr-gcc/bin/../lib/gcc/avr/15.2.0/avr5\libgcc.a(_udivmodsi4.o)
 .text          0x00000000        0x0 C:/avr-gcc/bin/../lib/gcc/avr/15.2.0/avr5\libgcc.a(_exit.o)
 .data          0x00000000        0x0 C:/avr-gcc/bin/../lib/gcc/avr/15.2.0/avr5\libgcc.a(_exit.o)
 .bss           0x00000000        0x0 C:/avr-gcc/bin/../lib/gcc/avr/15.2.0/avr5\libgcc.a(_exit.o)
 .text.libgcc.mul
                0x00000000        0x0 C:/avr-gcc/bin/../lib/gcc/avr/15.2.0/avr5\libgcc.a(_exit.o)
 .text.libgcc.div
                0x00000000        0x0 C:/avr-gcc/bin/../lib/gcc/avr/15.2.0/avr5\libgcc.a(_exit.o)
 .text.libgcc   0x00000000        0x0 C:/avr-gcc/bin/../lib/gcc/avr/15.2.0/avr5\libgcc.a(_exit.o)
 .text.libgcc.prologue
                0x00000000        0x0 C:/avr-gcc/bin/../lib/gcc/avr/15.2.0/avr5\libgcc.a(_exit.o)
 .text.libgcc.builtins
                0x00000000        0x0 C:/avr-gcc/bin/../lib/gcc/avr/15.2.0/avr5\libgcc.a(_exit.o)
 .text.libgcc.fmul
                0x00000000        0x0 C:/avr-gcc/bin/../lib/gcc/avr/15.2.0/avr5\libgcc.a(_exit.o)
 .text.libgcc.fixed
                0x00000000        0x0 C:/avr-gcc/bin/../lib/gcc/avr/15.2.0/avr5\libgcc.a(_exit.o)
 .text          0x00000000        0x0 C:/avr-gcc/bin/../lib/gcc/avr/15.2.0/avr5\libgcc.a(_tablejump2.o)
 .data          0x00000000        0x0 C:/avr-gcc/bin/../lib/gcc/avr/15.2.0/avr5\libgcc.a(_tablejump2.o)
 .bss           0x00000000        0x0 C:/avr-gcc/bin/../lib/gcc/avr/15.2.0/avr5\libgcc.a(_tablejump2.o)
 .text.libgcc.mul
                0x00000000        0x0 C:/avr-gcc/bin/../lib/gcc/avr/15.2.0/avr5\libgcc.a(_tablejump2.o)
 .text.libgcc.div
                0x00000000        0x0 C:/avr-gcc/bin/../lib/gcc/avr/15.2.0/avr5\libgcc.a(_tablejump2.o)
 .text.libgcc.prologue
                0x00000000        0x0 C:/avr-gcc/bin/../lib/gcc/avr/15.2.0/avr5\libgcc.a(_tablejump2.o)
 .text.libgcc.builtins
                0x00000000        0x0 C:/avr-gcc/bin/../lib/gcc/avr/15.2.0/avr5\libgcc.a(_tablejump2.o)
 .text.libgcc.fmul
                0x00000000        0x0 C:/avr-gcc/bin/../lib/gcc/avr/15.2.0/avr5\libgcc.a(_tablejump2.o)
 .text.libgcc.fixed
                0x00000000        0x0 C:/avr-gcc/bin/../lib/gcc/avr/15.2.0/avr5\libgcc.a(_tablejump2.o)
 .text          0x00000000        0x0 C:/avr-gcc/bin/../lib/gcc/avr/15.2.0/avr5\libgcc.a(_copy_data.o)
 .data          0x00000000        0x0 C:/avr-gcc/bin/../lib/gcc/avr/15.2.0/avr5\libgcc.a(_copy_data.o)
 .bss           0x00000000        0x0 C:/avr-gcc/bin/../lib/gcc/avr/15.2.0/avr5\libgcc.a(_copy_data.o)
 .text.libgcc.mul
                0x00000000        0x0 C:/avr-gcc/bin/../lib/gcc/avr/15.2.0/avr5\libgcc.a(_copy_data.o)
 .text.libgcc.div
                0x00000000        0x0 C:/avr-gcc/bin/../lib/gcc/avr/15.2.0/avr5\libgcc.a(_copy_data.o)
 .text.libgcc   0x00000000        0x0 C:/avr-gcc/bin/../lib/gcc/avr/15.2.0/avr5\libgcc.a(_copy_data.o)
 .text.libgcc.prologue
                0x00000000        0x0 C:/avr-gcc/bin/../lib/gcc/avr/15.2.0/avr5\libgcc.a(_copy_data.o)
 .text.libgcc.builtins
                0x00000000        0x0 C:/avr-gcc/bin/../lib/gcc/avr/15.2.0/avr5\libgcc.a(_copy_data.o)
 .text.libgcc.fmul
                0x00000000        0x0 C:/avr-gcc/bin/../lib/gcc/avr/15.2.0/avr5\libgcc.a(_copy_data.o)
 .text.libgcc.fixed
                0x00000000        0x0 C:/avr-gcc/bin/../lib/gcc/avr/15.2.0/avr5\libgcc.a(_copy_data.o)
 .text          0x00000000        0x0 C:/avr-gcc/bin/../lib/gcc/avr/15.2.0/avr5\libgcc.a(_clear_bss.o)
 .data          0x00000000        0x0 C:/avr-gcc/bin/../lib/gcc/avr/15.2.0/avr5\libgcc.a(_clear_bss.o)
 .bss           0x00000000        0x0 C:/avr-gcc/bin/../lib/gcc/avr/15.2.0/avr5\libgcc.a(_clear_bss.o)
 .text.libgcc.mul
                0x00000000        0x0 C:/avr-gcc/bin/../lib/gcc/avr/15.2.0/avr5\libgcc.a(_clear_bss.o)
 .text.libgcc.div
                0x00000000        0x0 C:/avr-gcc/bin/../lib/gcc/avr/15.2.0/avr5\libgcc.a(_clear_bss.o)
 .text.libgcc   0x00000000        0x0 C:/avr-gcc/bin/../lib/gcc/avr/15.2.0/avr5\libgcc.a(_clear_bss.o)
 .text.libgcc.prologue
                0x00000000        0x0 C:/avr-gcc/bin/../lib/gcc/avr/15.2.0/avr5\libgcc.a(_clear_bss.o)
 .text.libgcc.builtins
                0x00000000        0x0 C:/avr-gcc/bin/../lib/gcc/avr/15.2.0/avr5\libgcc.a(_clear_bss.o)
 .text.libgcc.fmul
                0x00000000        0x0 C:/avr-gcc/bin/../lib/gcc/avr/15.2.0/avr5\libgcc.a(_clear_bss.o)
 .text.libgcc.fixed
                0x00000000        0x0 C:/avr-gcc/bin/../lib/gcc/avr/15.2.0/avr5\libgcc.a(_clear_bss.o)
 .text          0x00000000        0x0 C:/avr-gcc/bin/../lib/gcc/avr/15.2.0/avr5\libgcc.a(_muluhisi3.o)
 .data          0x00000000        0x0 C:/avr-gcc/bin/../lib/gcc/avr/15.2.0/avr5\libgcc.a(_muluhisi3.o)
 .bss           0x00000000        0x0 C:/avr-gcc/bin/../lib/gcc/avr/15.2.0/avr5\libgcc.a(_muluhisi3.o)
 .text.libgcc.div
                0x00000000        0x0 C:/avr-gcc/bin/../lib/gcc/avr/15.2.0/avr5\libgcc.a(_muluhisi3.o)
 .text.libgcc   0x00000000        0x0 C:/avr-gcc/bin/../lib/gcc/avr/15.2.0/avr5\libgcc.a(_muluhisi3.o)
 .text.libgcc.prologue
                0x00000000        0x0 C:/avr-gcc/bin/../lib/gcc/avr/15.2.0/avr5\libgcc.a(_muluhisi3.o)
 .text.libgcc.builtins
                0x00000000        0x0 C:/avr-gcc/bin/../lib/gcc/avr/15.2.0/avr5\libgcc.a(_muluhisi3.o)
 .text.libgcc.fmul
                0x00000000        0x0 C:/avr-gcc/bin/../lib/gcc/avr/15.2.0/avr5\libgcc.a(_muluhisi3.o)
 .text.libgcc.fixed
                0x00000000        0x0 C:/avr-gcc/bin/../lib/gcc/avr/15.2.0/avr5\libgcc.a(_muluhisi3.o)

Memory Configuration

Name             Origin             Length             Attributes
text             0x00000000         0x00008000         xr
data             0x00800060         0x00000800         rw!x
eeprom           0x00810000         0x00000400         rw!x
fuse             0x00820000         0x00000002         rw!x
lock             0x00830000         0x00000400         rw!x
signature        0x00840000         0x00000400         rw!x
user_signatures  0x00850000         0x00000400         rw!x
*default*        0x00000000         0xffffffff

Linker script and memory map

LOAD C:/avr-gcc/bin/../lib/gcc/avr/15.2.0/../../../../avr/lib/avr5/crtatmega32.o
LOAD build/main.o
LOAD build/HAL/Bargraph/bargraph.o
LOAD build/HAL/Buttons/buttons.o
LOAD build/HAL/current/current.o
LOAD build/HAL/floats/floats.o
LOAD build/HAL/KeyPad/KeyPad.o
LOAD build/HAL/lcd_i2c/lcd_i2c.o
LOAD build/HAL/Level/level.o
LOAD build/HAL/Pump/Pump.o
LOAD build/HAL/SevenSegment/SevenSegment.o
LOAD build/HAL/Shiftreg/Shiftreg.o
LOAD build/HAL/Valve/Valve.o
LOAD build/LIB/Ringbuffer/Ringbuffer.o
LOAD build/Logic/Console/console.o
LOAD build/Logic/demand/demand.o
LOAD build/Logic/FaultLog/faultlog.o
LOAD build/Logic/Flowmeter/Flowmeter.o
LOAD build/Logic/interlocks/interlocks.o
LOAD build/Logic/Scheduler/Scheduler.o
LOAD build/Logic/tank_fsm/tank_fsm.o
LOAD build/MCAL/ADC/ADC.o
LOAD build/MCAL/GPIO/GPIO.o
LOAD build/MCAL/I2C/I2C.o
LOAD build/MCAL/INTERRUPT/INTERRUPT.o
LOAD build/MCAL/SPI/SPI.o
LOAD build/MCAL/TIMER/TIMER.o
LOAD build/MCAL/UART/UART.o
START GROUP
LOAD C:/avr-gcc/bin/../lib/gcc/avr/15.2.0/avr5\libgcc.a
LOAD C:/avr-gcc/bin/../lib/gcc/avr/15.2.0/../../../../avr/lib/avr5\libm.a
LOAD C:/avr-gcc/bin/../lib/gcc/avr/15.2.0/../../../../avr/lib/avr5\libc.a
LOAD C:/avr-gcc/bin/../lib/gcc/avr/15.2.0/../../../../avr/lib/avr5\libatmega32.a
END GROUP
                [0x00000000]                      __TEXT_REGION_ORIGIN__ = DEFINED (__TEXT_REGION_ORIGIN__)?__TEXT_REGION_ORIGIN__:0x0
                [0x00008000]                      __TEXT_REGION_LENGTH__ = DEFINED (__TEXT_REGION_LENGTH__)?__TEXT_REGION_LENGTH__:0x20000
                [0x00800060]                      __DATA_REGION_ORIGIN__ = DEFINED (__DATA_REGION_ORIGIN__)?__DATA_REGION_ORIGIN__:0x800060
                [0x00000800]                      __DATA_REGION_LENGTH__ = DEFINED (__DATA_REGION_LENGTH__)?__DATA_REGION_LENGTH__:0xffa0
                [0x00000400]                      __EEPROM_REGION_LENGTH__ = DEFINED (__EEPROM_REGION_LENGTH__)?__EEPROM_REGION_LENGTH__:0x10000
                [0x00000002]                      __FUSE_REGION_LENGTH__ = DEFINED (__FUSE_REGION_LENGTH__)?__FUSE_REGION_LENGTH__:0x400
                0x00000400                        __LOCK_REGION_LENGTH__ = DEFINED (__LOCK_REGION_LENGTH__)?__LOCK_REGION_LENGTH__:0x400
                0x00000400                        __SIGNATURE_REGION_LENGTH__ = DEFINED (__SIGNATURE_REGION_LENGTH__)?__SIGNATURE_REGION_LENGTH__:0x400
                0x00000400                        __USER_SIGNATURE_REGION_LENGTH__ = DEFINED (__USER_SIGNATURE_REGION_LENGTH__)?__USER_SIGNATURE_REGION_LENGTH__:0x400

.hash
 *(.hash)

.dynsym
 *(.dynsym)

.dynstr
 *(.dynstr)

.gnu.version
 *(.gnu.version)

.gnu.version_d
 *(.gnu.version_d)

.gnu.version_r
 *(.gnu.version_r)

.rel.init
 *(.rel.init)

.rela.init
 *(.rela.init)

.rel.text
 *(.rel.text)
 *(.rel.text.*)
 *(.rel.gnu.linkonce.t*)

.rela.text
 *(.rela.text)
 *(.rela.text.*)
 *(.rela.gnu.linkonce.t*)

.rel.fini
 *(.rel.fini)

.rela.fini
 *(.rela.fini)

.rel.rodata
 *(.rel.rodata)
 *(.rel.rodata.*)
 *(.rel.gnu.linkonce.r*)

.rela.rodata
 *(.rela.rodata)
 *(.rela.rodata.*)
 *(.rela.gnu.linkonce.r*)

.rel.data
 *(.rel.data)
 *(.rel.data.*)
 *(.rel.gnu.linkonce.d*)

.rela.data
 *(.rela.data)
 *(.rela.data.*)
 *(.rela.gnu.linkonce.d*)

.rel.ctors
 *(.rel.ctors)

.rela.ctors
 *(.rela.ctors)

.rel.dtors
 *(.rel.dtors)

.rela.dtors
 *(.rela.dtors)

.rel.got
 *(.rel.got)

.rela.got
 *(.rela.got)

.rel.bss
 *(.rel.bss)

.rela.bss
 *(.rela.bss)

.rel.plt
 *(.rel.plt)

.rela.plt
 *(.rela.plt)

.text           0x00000000     0x2494
 *(.vectors)
 .vectors       0x00000000       0x54 C:/avr-gcc/bin/../lib/gcc/avr/15.2.0/../../../../avr/lib/avr5/crtatmega32.o
                0x00000000                __vector_default
                0x00000000                __vectors
 *(.vectors)
                0x00000054                        __progmem_start = .
 *(.progmem)
 *(.progmem.*)
                0x00000054                        __progmem_end = .
                0x00000001                        ASSERT (((__progmem_start == __progmem_end) || (__progmem_end <= 0x10000)), .progmem section exceeds 0x10000)
                0x00000054                        . = ALIGN (0x2)
                0x00000054                        __trampolines_start = .
 *(.trampolines)
 .trampolines   0x00000054        0x0 linker stubs
 *(.trampolines*)
                0x00000054                        __trampolines_end = .
                0x00000054                        . = ALIGN (0x2)
 *(.lowtext)
 *(.lowtext*)
                0x00000054                        __ctors_start = .
 *(.ctors)
                0x00000054                        __ctors_end = .
                0x00000054                        __dtors_start = .
 *(.dtors)
                0x00000054                        __dtors_end = .
 SORT_BY_NAME(*)(.ctors)
 SORT_BY_NAME(*)(.dtors)
 *(.init0)
 .init0         0x00000054        0x0 C:/avr-gcc/bin/../lib/gcc/avr/15.2.0/../../../../avr/lib/avr5/crtatmega32.o
                0x00000054                __init
 *(.init0)
 *(.init1)
 *(.init1)
 *(.init2)
 .init2         0x00000054        0xc C:/avr-gcc/bin/../lib/gcc/avr/15.2.0/../../../../avr/lib/avr5/crtatmega32.o
 *(.init2)
 *(.init3)
 *(.init3)
 *(.init4)
 .init4         0x00000060       0x16 C:/avr-gcc/bin/../lib/gcc/avr/15.2.0/avr5\libgcc.a(_copy_data.o)
                0x00000060                __do_copy_data
 .init4         0x00000076       0x10 C:/avr-gcc/bin/../lib/gcc/avr/15.2.0/avr5\libgcc.a(_clear_bss.o)
                0x00000076                __do_clear_bss
 *(.init4)
 *(.init5)
 *(.init5)
 *(.init6)
 *(.init6)
 *(.init7)
 *(.init7)
 *(.init8)
 *(.init8)
 *(.init9)
 .init9         0x00000086        0x8 C:/avr-gcc/bin/../lib/gcc/avr/15.2.0/../../../../avr/lib/avr5/crtatmega32.o
 *(.init9)
 *(.text)
 .text          0x0000008e        0x4 C:/avr-gcc/bin/../lib/gcc/avr/15.2.0/../../../../avr/lib/avr5/crtatmega32.o
                0x0000008e                __vector_12
                0x0000008e                __bad_interrupt
                0x0000008e                __vector_6
                0x0000008e                __vector_11
                0x0000008e                __vector_17
                0x0000008e                __vector_19
                0x0000008e                __vector_7
                0x0000008e                __vector_5
                0x0000008e                __vector_4
                0x0000008e                __vector_9
                0x0000008e                __vector_15
                0x0000008e                __vector_8
                0x0000008e                __vector_14
                0x0000008e                __vector_10
                0x0000008e                __vector_16
                0x0000008e                __vector_18
                0x0000008e                __vector_20
                0x00000092                        . = ALIGN (0x2)
 *(.text.*)
 .text.APP_Task500ms
                0x00000092       0xae build/main.o
 .text.APP_HighFloatISR
                0x00000140        0xc build/main.o
 .text.APP_UpdateData
                0x0000014c      0x194 build/main.o
 .text.APP_Task1s
                0x000002e0       0x32 build/main.o
 .text.APP_Task10ms
                0x00000312       0x2c build/main.o
 .text.startup.main
                0x0000033e      0x18e build/main.o
                0x0000033e                main
 .text.BTN_Init
                0x000004cc       0x90 build/HAL/Buttons/buttons.o
                0x000004cc                BTN_Init
 .text.BTN_Update10ms
                0x0000055c       0xe0 build/HAL/Buttons/buttons.o
                0x0000055c                BTN_Update10ms
 .text.BTN_GetEvent
                0x0000063c       0x36 build/HAL/Buttons/buttons.o
                0x0000063c                BTN_GetEvent
 .text.CUR_Init
                0x00000672       0x42 build/HAL/current/current.o
                0x00000672                CUR_Init
 .text.CUR_Update
                0x000006b4       0xe6 build/HAL/current/current.o
                0x000006b4                CUR_Update
 .text.CUR_GetmA
                0x0000079a       0x1e build/HAL/current/current.o
                0x0000079a                CUR_GetmA
 .text.FLT_Init
                0x000007b8       0x2c build/HAL/floats/floats.o
                0x000007b8                FLT_Init
 .text.FLT_Update
                0x000007e4       0x50 build/HAL/floats/floats.o
                0x000007e4                FLT_Update
 .text.FLT_IsHighActive
                0x00000834        0x6 build/HAL/floats/floats.o
                0x00000834                FLT_IsHighActive
 .text.FLT_IsLowActive
                0x0000083a        0x6 build/HAL/floats/floats.o
                0x0000083a                FLT_IsLowActive
 .text.LCD_I2C_Write
                0x00000840       0x46 build/HAL/lcd_i2c/lcd_i2c.o
 .text.LCD_I2C_SendCommand
                0x00000886       0x16 build/HAL/lcd_i2c/lcd_i2c.o
                0x00000886                LCD_I2C_SendCommand
 .text.LCD_I2C_SendData
                0x0000089c       0x16 build/HAL/lcd_i2c/lcd_i2c.o
                0x0000089c                LCD_I2C_SendData
 .text.LCD_I2C_Init
                0x000008b2       0xa4 build/HAL/lcd_i2c/lcd_i2c.o
                0x000008b2                LCD_I2C_Init
 .text.LCD_I2C_SendChar
                0x00000956        0x4 build/HAL/lcd_i2c/lcd_i2c.o
                0x00000956                LCD_I2C_SendChar
 .text.LCD_I2C_SendString
                0x0000095a       0x26 build/HAL/lcd_i2c/lcd_i2c.o
                0x0000095a                LCD_I2C_SendString
 .text.LCD_I2C_SetCursor
                0x00000980       0x1a build/HAL/lcd_i2c/lcd_i2c.o
                0x00000980                LCD_I2C_SetCursor
 .text.LCD_I2C_Clear
                0x0000099a       0x14 build/HAL/lcd_i2c/lcd_i2c.o
                0x0000099a                LCD_I2C_Clear
 .text.LCD_I2C_SendNumber
                0x000009ae       0x9a build/HAL/lcd_i2c/lcd_i2c.o
                0x000009ae                LCD_I2C_SendNumber
 .text.LEVEL_Init
                0x00000a48        0x8 build/HAL/Level/level.o
                0x00000a48                LEVEL_Init
 .text.LEVEL_ReadPercentage
                0x00000a50       0xc6 build/HAL/Level/level.o
                0x00000a50                LEVEL_ReadPercentage
 .text.PMP_Init
                0x00000b16       0x52 build/HAL/Pump/Pump.o
                0x00000b16                PMP_Init
 .text.PMP_Set  0x00000b68       0x6e build/HAL/Pump/Pump.o
                0x00000b68                PMP_Set
 .text.PMP_GetState
                0x00000bd6       0x18 build/HAL/Pump/Pump.o
                0x00000bd6                PMP_GetState
 .text.PMP_RunSeconds
                0x00000bee       0x2a build/HAL/Pump/Pump.o
                0x00000bee                PMP_RunSeconds
 .text.PMP_TotalSeconds
                0x00000c18       0x2a build/HAL/Pump/Pump.o
                0x00000c18                PMP_TotalSeconds
 .text.PMP_Cycles
                0x00000c42       0x2a build/HAL/Pump/Pump.o
                0x00000c42                PMP_Cycles
 .text.PMP_Update1s
                0x00000c6c       0x5a build/HAL/Pump/Pump.o
                0x00000c6c                PMP_Update1s
 .text.SHIFTREG_Init
                0x00000cc6       0x1a build/HAL/Shiftreg/Shiftreg.o
                0x00000cc6                SHIFTREG_Init
 .text.SHIFTREG_SendByte
                0x00000ce0       0x42 build/HAL/Shiftreg/Shiftreg.o
                0x00000ce0                SHIFTREG_SendByte
 .text.Valve_Init
                0x00000d22       0x22 build/HAL/Valve/Valve.o
                0x00000d22                Valve_Init
 .text.Valve_Set
                0x00000d44       0x22 build/HAL/Valve/Valve.o
                0x00000d44                Valve_Set
 .text.Valve_GetState
                0x00000d66       0x18 build/HAL/Valve/Valve.o
                0x00000d66                Valve_GetState
 .text.RB_Init  0x00000d7e       0x16 build/LIB/Ringbuffer/Ringbuffer.o
                0x00000d7e                RB_Init
 .text.RB_Put   0x00000d94       0x4e build/LIB/Ringbuffer/Ringbuffer.o
                0x00000d94                RB_Put
 .text.RB_Get   0x00000de2       0x58 build/LIB/Ringbuffer/Ringbuffer.o
                0x00000de2                RB_Get
 .text.RB_IsEmpty
                0x00000e3a       0x20 build/LIB/Ringbuffer/Ringbuffer.o
                0x00000e3a                RB_IsEmpty
 .text.CON_CompareNoCase
                0x00000e5a       0x50 build/Logic/Console/console.o
 .text.CON_SkipSpaces
                0x00000eaa       0x2a build/Logic/Console/console.o
 .text.CON_WriteByte
                0x00000ed4        0x4 build/Logic/Console/console.o
 .text.CON_Init
                0x00000ed8       0x46 build/Logic/Console/console.o
                0x00000ed8                CON_Init
 .text.CON_SendHelp
                0x00000f1e       0x50 build/Logic/Console/console.o
                0x00000f1e                CON_SendHelp
 .text.CON_SendFaults
                0x00000f6e       0x28 build/Logic/Console/console.o
                0x00000f6e                CON_SendFaults
 .text.CON_ProcessCommand
                0x00000f96      0x26c build/Logic/Console/console.o
                0x00000f96                CON_ProcessCommand
 .text.CON_Run  0x00001202       0xb2 build/Logic/Console/console.o
                0x00001202                CON_Run
 .text.DEM_Init
                0x000012b4        0xa build/Logic/demand/demand.o
                0x000012b4                DEM_Init
 .text.DEM_Update
                0x000012be       0x28 build/Logic/demand/demand.o
                0x000012be                DEM_Update
 .text.DEM_GetPumpDemand
                0x000012e6        0x6 build/Logic/demand/demand.o
                0x000012e6                DEM_GetPumpDemand
 .text.FLG_WriteUint32
                0x000012ec       0xd6 build/Logic/FaultLog/faultlog.o
 .text.FLG_Init
                0x000013c2       0x34 build/Logic/FaultLog/faultlog.o
                0x000013c2                FLG_Init
 .text.FLG_GetCount
                0x000013f6       0x12 build/Logic/FaultLog/faultlog.o
                0x000013f6                FLG_GetCount
 .text.FLG_Clear
                0x00001408        0xa build/Logic/FaultLog/faultlog.o
                0x00001408                FLG_Clear
 .text.FLG_Dump
                0x00001412      0x172 build/Logic/FaultLog/faultlog.o
                0x00001412                FLG_Dump
 .text.FLOWMETER_Init
                0x00001584       0x34 build/Logic/Flowmeter/Flowmeter.o
                0x00001584                FLOWMETER_Init
 .text.FLOWMETER_Update1Hz
                0x000015b8       0x52 build/Logic/Flowmeter/Flowmeter.o
                0x000015b8                FLOWMETER_Update1Hz
 .text.FLOWMETER_GetFlowLpmX10
                0x0000160a       0x2a build/Logic/Flowmeter/Flowmeter.o
                0x0000160a                FLOWMETER_GetFlowLpmX10
 .text.FLOWMETER_GetTotalMilliliters
                0x00001634       0x2a build/Logic/Flowmeter/Flowmeter.o
                0x00001634                FLOWMETER_GetTotalMilliliters
 .text.ResetTimers
                0x0000165e       0x42 build/Logic/interlocks/interlocks.o
 .text.INT_Init
                0x000016a0       0x16 build/Logic/interlocks/interlocks.o
                0x000016a0                INT_Init
 .text.ILK_Reset
                0x000016b6       0x18 build/Logic/interlocks/interlocks.o
                0x000016b6                ILK_Reset
 .text.ILK_Evaluate
                0x000016ce      0x302 build/Logic/interlocks/interlocks.o
                0x000016ce                ILK_Evaluate
 .text.SCHEDULER_Init
                0x000019d0       0x30 build/Logic/Scheduler/Scheduler.o
                0x000019d0                SCHEDULER_Init
 .text.SCHEDULER_AddTask
                0x00001a00       0x9c build/Logic/Scheduler/Scheduler.o
                0x00001a00                SCHEDULER_AddTask
 .text.SCHEDULER_Tick
                0x00001a9c       0x5a build/Logic/Scheduler/Scheduler.o
                0x00001a9c                SCHEDULER_Tick
 .text.SCHEDULER_Run
                0x00001af6       0x34 build/Logic/Scheduler/Scheduler.o
                0x00001af6                SCHEDULER_Run
 .text.FSM_StopOutputs
                0x00001b2a        0xc build/Logic/tank_fsm/tank_fsm.o
 .text.FSM_Init
                0x00001b36       0x2e build/Logic/tank_fsm/tank_fsm.o
                0x00001b36                FSM_Init
 .text.FSM_GetState
                0x00001b64        0xa build/Logic/tank_fsm/tank_fsm.o
                0x00001b64                FSM_GetState
 .text.FSM_Ack  0x00001b6e        0x4 build/Logic/tank_fsm/tank_fsm.o
                0x00001b6e                FSM_Ack
 .text.FSM_Run  0x00001b72      0x212 build/Logic/tank_fsm/tank_fsm.o
                0x00001b72                FSM_Run
 .text.ADC_Init
                0x00001d84       0x2a build/MCAL/ADC/ADC.o
                0x00001d84                ADC_Init
 .text.ADC_ReadChannel
                0x00001dae       0x30 build/MCAL/ADC/ADC.o
                0x00001dae                ADC_ReadChannel
 .text.GPIO_SetPinDirection
                0x00001dde       0xe4 build/MCAL/GPIO/GPIO.o
                0x00001dde                GPIO_SetPinDirection
 .text.GPIO_SetPinValue
                0x00001ec2       0x7c build/MCAL/GPIO/GPIO.o
                0x00001ec2                GPIO_SetPinValue
 .text.GPIO_GetPinValue
                0x00001f3e       0x44 build/MCAL/GPIO/GPIO.o
                0x00001f3e                GPIO_GetPinValue
 .text.I2C_InitMaster
                0x00001f82       0x42 build/MCAL/I2C/I2C.o
                0x00001f82                I2C_InitMaster
 .text.I2C_SendStart
                0x00001fc4       0x1c build/MCAL/I2C/I2C.o
                0x00001fc4                I2C_SendStart
 .text.I2C_SendStop
                0x00001fe0        0x6 build/MCAL/I2C/I2C.o
                0x00001fe0                I2C_SendStop
 .text.I2C_SendSlaveAddressWithWrite
                0x00001fe6       0x20 build/MCAL/I2C/I2C.o
                0x00001fe6                I2C_SendSlaveAddressWithWrite
 .text.I2C_SendByte
                0x00002006       0x1e build/MCAL/I2C/I2C.o
                0x00002006                I2C_SendByte
 .text.INTERRUPT_EnableGlobal
                0x00002024        0xc build/MCAL/INTERRUPT/INTERRUPT.o
                0x00002024                INTERRUPT_EnableGlobal
 .text.EXTI_SetSense
                0x00002030       0x54 build/MCAL/INTERRUPT/INTERRUPT.o
                0x00002030                EXTI_SetSense
 .text.EXTI_ClearFlag
                0x00002084       0x2a build/MCAL/INTERRUPT/INTERRUPT.o
                0x00002084                EXTI_ClearFlag
 .text.EXTI_Enable
                0x000020ae       0x3c build/MCAL/INTERRUPT/INTERRUPT.o
                0x000020ae                EXTI_Enable
 .text.EXTI_SetCallback
                0x000020ea       0x3a build/MCAL/INTERRUPT/INTERRUPT.o
                0x000020ea                EXTI_SetCallback
 .text.__vector_1
                0x00002124       0x52 build/MCAL/INTERRUPT/INTERRUPT.o
                0x00002124                __vector_1
 .text.__vector_2
                0x00002176       0x52 build/MCAL/INTERRUPT/INTERRUPT.o
                0x00002176                __vector_2
 .text.__vector_3
                0x000021c8       0x52 build/MCAL/INTERRUPT/INTERRUPT.o
                0x000021c8                __vector_3
 .text.SPI_InitMaster
                0x0000221a       0x20 build/MCAL/SPI/SPI.o
                0x0000221a                SPI_InitMaster
 .text.SPI_Transceive
                0x0000223a       0x1e build/MCAL/SPI/SPI.o
                0x0000223a                SPI_Transceive
 .text.TIMER0_Init
                0x00002258       0x16 build/MCAL/TIMER/TIMER.o
                0x00002258                TIMER0_Init
 .text.TIMER0_DelayMS
                0x0000226e       0x30 build/MCAL/TIMER/TIMER.o
                0x0000226e                TIMER0_DelayMS
 .text.TIMER1_ExternalCounterInit
                0x0000229e       0x22 build/MCAL/TIMER/TIMER.o
                0x0000229e                TIMER1_ExternalCounterInit
 .text.TIMER1_GetCounter
                0x000022c0        0x6 build/MCAL/TIMER/TIMER.o
                0x000022c0                TIMER1_GetCounter
 .text.__vector_13
                0x000022c6       0x56 build/MCAL/UART/UART.o
                0x000022c6                __vector_13
 .text.UART_Init
                0x0000231c       0x42 build/MCAL/UART/UART.o
                0x0000231c                UART_Init
 .text.UART_SendByte
                0x0000235e        0xc build/MCAL/UART/UART.o
                0x0000235e                UART_SendByte
 .text.UART_SendString
                0x0000236a       0x32 build/MCAL/UART/UART.o
                0x0000236a                UART_SendString
 .text.UART_SetRxInterrupt
                0x0000239c       0x18 build/MCAL/UART/UART.o
                0x0000239c                UART_SetRxInterrupt
 .text.UART_SetRxBuffer
                0x000023b4        0xe build/MCAL/UART/UART.o
                0x000023b4                UART_SetRxBuffer
 .text.libgcc.mul
                0x000023c2       0x1e C:/avr-gcc/bin/../lib/gcc/avr/15.2.0/avr5\libgcc.a(_umulhisi3.o)
                0x000023c2                __umulhisi3
 .text.libgcc.div
                0x000023e0       0x28 C:/avr-gcc/bin/../lib/gcc/avr/15.2.0/avr5\libgcc.a(_udivmodhi4.o)
                0x000023e0                __udivmodhi4
 .text.libgcc.div
                0x00002408       0x44 C:/avr-gcc/bin/../lib/gcc/avr/15.2.0/avr5\libgcc.a(_udivmodsi4.o)
                0x00002408                __udivmodsi4
 .text.libgcc   0x0000244c        0xc C:/avr-gcc/bin/../lib/gcc/avr/15.2.0/avr5\libgcc.a(_tablejump2.o)
                0x0000244c                __tablejump2__
 .text.libgcc.mul
                0x00002458       0x16 C:/avr-gcc/bin/../lib/gcc/avr/15.2.0/avr5\libgcc.a(_muluhisi3.o)
                0x00002458                __muluhisi3
                0x0000246e                        . = ALIGN (0x2)
 *(.fini9)
 .fini9         0x0000246e        0x0 C:/avr-gcc/bin/../lib/gcc/avr/15.2.0/avr5\libgcc.a(_exit.o)
                0x0000246e                _exit
                0x0000246e                exit
 *(.fini9)
 *(.fini8)
 *(.fini8)
 *(.fini7)
 *(.fini7)
 *(.fini6)
 *(.fini6)
 *(.fini5)
 *(.fini5)
 *(.fini4)
 *(.fini4)
 *(.fini3)
 *(.fini3)
 *(.fini2)
 *(.fini2)
 *(.fini1)
 *(.fini1)
 *(.fini0)
 .fini0         0x0000246e        0x4 C:/avr-gcc/bin/../lib/gcc/avr/15.2.0/avr5\libgcc.a(_exit.o)
 *(.fini0)
 *(.hightext)
 *(.hightext*)
 *(.progmemx)
 *(.progmemx.*)
                0x00002472                        . = ALIGN (0x2)
 *(.jumptables)
 *(.jumptables*)
 .jumptables.gcc.ILK_Evaluate
                0x00002472       0x12 build/Logic/interlocks/interlocks.o
 .jumptables.gcc.FSM_Run
                0x00002484       0x10 build/Logic/tank_fsm/tank_fsm.o
                0x00002494                        _etext = .

.data           0x00800060      0x1f2 load address 0x00002494
                0x00800060                        PROVIDE (__data_start = .)
 *(.data)
 *(.data*)
 .data.s_buttons
                0x00800060       0x1e build/HAL/Buttons/buttons.o
 .data.Global_u16MinOffTicks
                0x0080007e        0x2 build/Logic/tank_fsm/tank_fsm.o
 *(.gnu.linkonce.d*)
 *(.rodata)
 *(.rodata*)
 .rodata.APP_Task500ms.str1.1
                0x00800080      0x1d2 build/main.o
                                 0x1c (size before relaxing)
 .rodata.CON_SendStatus.str1.1
                0x00800252        0x0 build/Logic/Console/console.o
                                 0x3e (size before relaxing)
 .rodata.CON_SendHelp.str1.1
                0x00800252        0x0 build/Logic/Console/console.o
                                 0x59 (size before relaxing)
 .rodata.CON_SendFaults.str1.1
                0x00800252        0x0 build/Logic/Console/console.o
                                  0xc (size before relaxing)
 .rodata.CON_ProcessCommand.str1.1
                0x00800252        0x0 build/Logic/Console/console.o
                                0x112 (size before relaxing)
 .rodata.FLG_Dump.str1.1
                0x00800252        0x0 build/Logic/FaultLog/faultlog.o
                                  0x5 (size before relaxing)
 *(.gnu.linkonce.r*)
                0x00800252                        . = ALIGN (0x2)
                0x00800252                        _edata = .
                0x00800252                        PROVIDE (__data_end = .)

.bss            0x00800252      0x25b
                0x00800252                        PROVIDE (__bss_start = .)
 *(.bss)
 *(.bss*)
 .bss.Global_stFaultLog
                0x00800252       0x93 build/main.o
 .bss.Global_stTankData
                0x008002e5       0x20 build/main.o
 .bss.Global_u32SampleSum
                0x00800305        0x4 build/HAL/current/current.o
 .bss.Global_u8SampleIndex
                0x00800309        0x1 build/HAL/current/current.o
 .bss.Global_u16Samples
                0x0080030a        0x8 build/HAL/current/current.o
 .bss.Global_u16CurrentmA
                0x00800312        0x2 build/HAL/current/current.o
 .bss.Global_u8LowState
                0x00800314        0x1 build/HAL/floats/floats.o
 .bss.Global_u8HighState
                0x00800315        0x1 build/HAL/floats/floats.o
 .bss.Pump_u32Cycles
                0x00800316        0x4 build/HAL/Pump/Pump.o
 .bss.Pump_u32TotalSeconds
                0x0080031a        0x4 build/HAL/Pump/Pump.o
 .bss.Pump_u32RunSeconds
                0x0080031e        0x4 build/HAL/Pump/Pump.o
 .bss.Pump_u8State
                0x00800322        0x1 build/HAL/Pump/Pump.o
 .bss.Valve_u8State
                0x00800323        0x1 build/HAL/Valve/Valve.o
 .bss.g_conLineLen
                0x00800324        0x1 build/Logic/Console/console.o
 .bss.g_conLine
                0x00800325       0x29 build/Logic/Console/console.o
 .bss.g_conFaultLog
                0x0080034e       0x93 build/Logic/Console/console.o
 .bss.g_conRxBuffer
                0x008003e1       0x43 build/Logic/Console/console.o
 .bss.Global_u8PumpDemand
                0x00800424        0x1 build/Logic/demand/demand.o
 .bss.g_totalPulses
                0x00800425        0x4 build/Logic/Flowmeter/Flowmeter.o
 .bss.g_pulsesLastSecond
                0x00800429        0x2 build/Logic/Flowmeter/Flowmeter.o
 .bss.g_lastCount
                0x0080042b        0x2 build/Logic/Flowmeter/Flowmeter.o
 .bss.Global_u8Ack
                0x0080042d        0x1 build/Logic/interlocks/interlocks.o
 .bss.Global_u8NoRiseStartLevel
                0x0080042e        0x1 build/Logic/interlocks/interlocks.o
 .bss.Global_u8LeakStartLevel
                0x0080042f        0x1 build/Logic/interlocks/interlocks.o
 .bss.Global_u16NoRiseTicks
                0x00800430        0x2 build/Logic/interlocks/interlocks.o
 .bss.Global_u16LeakTicks
                0x00800432        0x2 build/Logic/interlocks/interlocks.o
 .bss.Global_u16LevelSensorTicks
                0x00800434        0x2 build/Logic/interlocks/interlocks.o
 .bss.Global_u16DryRunTicks
                0x00800436        0x2 build/Logic/interlocks/interlocks.o
 .bss.Global_u16NoCurrentTicks
                0x00800438        0x2 build/Logic/interlocks/interlocks.o
 .bss.Global_u16OverCurrentTicks
                0x0080043a        0x2 build/Logic/interlocks/interlocks.o
 .bss.Global_u16OverflowTicks
                0x0080043c        0x2 build/Logic/interlocks/interlocks.o
 .bss.Global_eTrip
                0x0080043e        0x2 build/Logic/interlocks/interlocks.o
 .bss.Scheduler_Initialized
                0x00800440        0x1 build/Logic/Scheduler/Scheduler.o
 .bss.Scheduler_Tasks
                0x00800441       0x60 build/Logic/Scheduler/Scheduler.o
 .bss.Global_u16SettlingTicks
                0x008004a1        0x2 build/Logic/tank_fsm/tank_fsm.o
 .bss.Global_eCurrentState
                0x008004a3        0x2 build/Logic/tank_fsm/tank_fsm.o
 .bss.EXTI_INT2_Callback
                0x008004a5        0x2 build/MCAL/INTERRUPT/INTERRUPT.o
 .bss.EXTI_INT1_Callback
                0x008004a7        0x2 build/MCAL/INTERRUPT/INTERRUPT.o
 .bss.EXTI_INT0_Callback
                0x008004a9        0x2 build/MCAL/INTERRUPT/INTERRUPT.o
 .bss.g_uartRxBuffer
                0x008004ab        0x2 build/MCAL/UART/UART.o
 *(COMMON)
                0x008004ad                        PROVIDE (__bss_end = .)
                0x00002494                        __data_load_start = LOADADDR (.data)
                0x00002686                        __data_load_end = (__data_load_start + SIZEOF (.data))

.noinit         0x008004ad        0x0
                [!provide]                        PROVIDE (__noinit_start = .)
 *(.noinit .noinit.* .gnu.linkonce.n.*)
                [!provide]                        PROVIDE (__noinit_end = .)
                0x008004ad                        _end = .
                [!provide]                        PROVIDE (__heap_start = .)
                0x00000000                        __flmap_init_label = DEFINED (__flmap_noinit_start)?__flmap_noinit_start:0x0
                0x00000000                        __flmap = DEFINED (__flmap)?__flmap:0x0

.eeprom         0x00810000        0x0
 *(.eeprom*)
                0x00810000                        __eeprom_end = .

.fuse
 *(.fuse)
 *(.lfuse)
 *(.hfuse)
 *(.efuse)

.lock
 *(.lock*)

.signature
 *(.signature*)

.stab
 *(.stab)

.stabstr
 *(.stabstr)

.stab.excl
 *(.stab.excl)

.stab.exclstr
 *(.stab.exclstr)

.stab.index
 *(.stab.index)

.stab.indexstr
 *(.stab.indexstr)

.comment        0x00000000       0x12
 *(.comment)
 .comment       0x00000000       0x12 build/main.o
                                 0x13 (size before relaxing)
 .comment       0x00000012        0x0 build/HAL/Buttons/buttons.o
                                 0x13 (size before relaxing)
 .comment       0x00000012        0x0 build/HAL/current/current.o
                                 0x13 (size before relaxing)
 .comment       0x00000012        0x0 build/HAL/floats/floats.o
                                 0x13 (size before relaxing)
 .comment       0x00000012        0x0 build/HAL/lcd_i2c/lcd_i2c.o
                                 0x13 (size before relaxing)
 .comment       0x00000012        0x0 build/HAL/Level/level.o
                                 0x13 (size before relaxing)
 .comment       0x00000012        0x0 build/HAL/Pump/Pump.o
                                 0x13 (size before relaxing)
 .comment       0x00000012        0x0 build/HAL/Shiftreg/Shiftreg.o
                                 0x13 (size before relaxing)
 .comment       0x00000012        0x0 build/HAL/Valve/Valve.o
                                 0x13 (size before relaxing)
 .comment       0x00000012        0x0 build/LIB/Ringbuffer/Ringbuffer.o
                                 0x13 (size before relaxing)
 .comment       0x00000012        0x0 build/Logic/Console/console.o
                                 0x13 (size before relaxing)
 .comment       0x00000012        0x0 build/Logic/demand/demand.o
                                 0x13 (size before relaxing)
 .comment       0x00000012        0x0 build/Logic/FaultLog/faultlog.o
                                 0x13 (size before relaxing)
 .comment       0x00000012        0x0 build/Logic/Flowmeter/Flowmeter.o
                                 0x13 (size before relaxing)
 .comment       0x00000012        0x0 build/Logic/interlocks/interlocks.o
                                 0x13 (size before relaxing)
 .comment       0x00000012        0x0 build/Logic/Scheduler/Scheduler.o
                                 0x13 (size before relaxing)
 .comment       0x00000012        0x0 build/Logic/tank_fsm/tank_fsm.o
                                 0x13 (size before relaxing)
 .comment       0x00000012        0x0 build/MCAL/ADC/ADC.o
                                 0x13 (size before relaxing)
 .comment       0x00000012        0x0 build/MCAL/GPIO/GPIO.o
                                 0x13 (size before relaxing)
 .comment       0x00000012        0x0 build/MCAL/I2C/I2C.o
                                 0x13 (size before relaxing)
 .comment       0x00000012        0x0 build/MCAL/INTERRUPT/INTERRUPT.o
                                 0x13 (size before relaxing)
 .comment       0x00000012        0x0 build/MCAL/SPI/SPI.o
                                 0x13 (size before relaxing)
 .comment       0x00000012        0x0 build/MCAL/TIMER/TIMER.o
                                 0x13 (size before relaxing)
 .comment       0x00000012        0x0 build/MCAL/UART/UART.o
                                 0x13 (size before relaxing)

.note.gnu.avr.deviceinfo
                0x00000000       0x3c
 .note.gnu.avr.deviceinfo
                0x00000000       0x3c C:/avr-gcc/bin/../lib/gcc/avr/15.2.0/../../../../avr/lib/avr5/crtatmega32.o

.gnu.build.attributes
 *(.gnu.build.attributes .gnu.build.attributes.*)

.note.gnu.build-id
 *(.note.gnu.build-id)

.debug
 *(.debug)

.line
 *(.line)

.debug_srcinfo
 *(.debug_srcinfo)

.debug_sfnames
 *(.debug_sfnames)

.debug_aranges  0x00000000      0x100
 *(.debug_aranges)
 .debug_aranges
                0x00000000       0x20 C:/avr-gcc/bin/../lib/gcc/avr/15.2.0/avr5\libgcc.a(_umulhisi3.o)
 .debug_aranges
                0x00000020       0x20 C:/avr-gcc/bin/../lib/gcc/avr/15.2.0/avr5\libgcc.a(_udivmodhi4.o)
 .debug_aranges
                0x00000040       0x20 C:/avr-gcc/bin/../lib/gcc/avr/15.2.0/avr5\libgcc.a(_udivmodsi4.o)
 .debug_aranges
                0x00000060       0x20 C:/avr-gcc/bin/../lib/gcc/avr/15.2.0/avr5\libgcc.a(_exit.o)
 .debug_aranges
                0x00000080       0x20 C:/avr-gcc/bin/../lib/gcc/avr/15.2.0/avr5\libgcc.a(_tablejump2.o)
 .debug_aranges
                0x000000a0       0x20 C:/avr-gcc/bin/../lib/gcc/avr/15.2.0/avr5\libgcc.a(_copy_data.o)
 .debug_aranges
                0x000000c0       0x20 C:/avr-gcc/bin/../lib/gcc/avr/15.2.0/avr5\libgcc.a(_clear_bss.o)
 .debug_aranges
                0x000000e0       0x20 C:/avr-gcc/bin/../lib/gcc/avr/15.2.0/avr5\libgcc.a(_muluhisi3.o)

.debug_pubnames
 *(.debug_pubnames)

.debug_info     0x00000000      0x606
 *(.debug_info .gnu.linkonce.wi.*)
 .debug_info    0x00000000      0x4e6 C:/avr-gcc/bin/../lib/gcc/avr/15.2.0/../../../../avr/lib/avr5/crtatmega32.o
 .debug_info    0x000004e6       0x24 C:/avr-gcc/bin/../lib/gcc/avr/15.2.0/avr5\libgcc.a(_umulhisi3.o)
 .debug_info    0x0000050a       0x24 C:/avr-gcc/bin/../lib/gcc/avr/15.2.0/avr5\libgcc.a(_udivmodhi4.o)
 .debug_info    0x0000052e       0x24 C:/avr-gcc/bin/../lib/gcc/avr/15.2.0/avr5\libgcc.a(_udivmodsi4.o)
 .debug_info    0x00000552       0x24 C:/avr-gcc/bin/../lib/gcc/avr/15.2.0/avr5\libgcc.a(_exit.o)
 .debug_info    0x00000576       0x24 C:/avr-gcc/bin/../lib/gcc/avr/15.2.0/avr5\libgcc.a(_tablejump2.o)
 .debug_info    0x0000059a       0x24 C:/avr-gcc/bin/../lib/gcc/avr/15.2.0/avr5\libgcc.a(_copy_data.o)
 .debug_info    0x000005be       0x24 C:/avr-gcc/bin/../lib/gcc/avr/15.2.0/avr5\libgcc.a(_clear_bss.o)
 .debug_info    0x000005e2       0x24 C:/avr-gcc/bin/../lib/gcc/avr/15.2.0/avr5\libgcc.a(_muluhisi3.o)

.debug_abbrev   0x00000000      0x543
 *(.debug_abbrev)
 .debug_abbrev  0x00000000      0x4a3 C:/avr-gcc/bin/../lib/gcc/avr/15.2.0/../../../../avr/lib/avr5/crtatmega32.o
 .debug_abbrev  0x000004a3       0x14 C:/avr-gcc/bin/../lib/gcc/avr/15.2.0/avr5\libgcc.a(_umulhisi3.o)
 .debug_abbrev  0x000004b7       0x14 C:/avr-gcc/bin/../lib/gcc/avr/15.2.0/avr5\libgcc.a(_udivmodhi4.o)
 .debug_abbrev  0x000004cb       0x14 C:/avr-gcc/bin/../lib/gcc/avr/15.2.0/avr5\libgcc.a(_udivmodsi4.o)
 .debug_abbrev  0x000004df       0x14 C:/avr-gcc/bin/../lib/gcc/avr/15.2.0/avr5\libgcc.a(_exit.o)
 .debug_abbrev  0x000004f3       0x14 C:/avr-gcc/bin/../lib/gcc/avr/15.2.0/avr5\libgcc.a(_tablejump2.o)
 .debug_abbrev  0x00000507       0x14 C:/avr-gcc/bin/../lib/gcc/avr/15.2.0/avr5\libgcc.a(_copy_data.o)
 .debug_abbrev  0x0000051b       0x14 C:/avr-gcc/bin/../lib/gcc/avr/15.2.0/avr5\libgcc.a(_clear_bss.o)
 .debug_abbrev  0x0000052f       0x14 C:/avr-gcc/bin/../lib/gcc/avr/15.2.0/avr5\libgcc.a(_muluhisi3.o)

.debug_line     0x00000000      0x4c1
 *(.debug_line .debug_line.* .debug_line_end)
 .debug_line    0x00000000       0x1d C:/avr-gcc/bin/../lib/gcc/avr/15.2.0/../../../../avr/lib/avr5/crtatmega32.o
 .debug_line    0x0000001d       0x9f C:/avr-gcc/bin/../lib/gcc/avr/15.2.0/avr5\libgcc.a(_umulhisi3.o)
 .debug_line    0x000000bc       0xbd C:/avr-gcc/bin/../lib/gcc/avr/15.2.0/avr5\libgcc.a(_udivmodhi4.o)
 .debug_line    0x00000179      0x111 C:/avr-gcc/bin/../lib/gcc/avr/15.2.0/avr5\libgcc.a(_udivmodsi4.o)
 .debug_line    0x0000028a       0x51 C:/avr-gcc/bin/../lib/gcc/avr/15.2.0/avr5\libgcc.a(_exit.o)
 .debug_line    0x000002db       0x69 C:/avr-gcc/bin/../lib/gcc/avr/15.2.0/avr5\libgcc.a(_tablejump2.o)
 .debug_line    0x00000344       0x87 C:/avr-gcc/bin/../lib/gcc/avr/15.2.0/avr5\libgcc.a(_copy_data.o)
 .debug_line    0x000003cb       0x75 C:/avr-gcc/bin/../lib/gcc/avr/15.2.0/avr5\libgcc.a(_clear_bss.o)
 .debug_line    0x00000440       0x81 C:/avr-gcc/bin/../lib/gcc/avr/15.2.0/avr5\libgcc.a(_muluhisi3.o)

.debug_frame
 *(.debug_frame)

.debug_str      0x00000000      0x1fe
 *(.debug_str)
 .debug_str     0x00000000      0x196 C:/avr-gcc/bin/../lib/gcc/avr/15.2.0/../../../../avr/lib/avr5/crtatmega32.o
 .debug_str     0x00000196       0x68 C:/avr-gcc/bin/../lib/gcc/avr/15.2.0/avr5\libgcc.a(_umulhisi3.o)
 .debug_str     0x000001fe        0x0 C:/avr-gcc/bin/../lib/gcc/avr/15.2.0/avr5\libgcc.a(_udivmodhi4.o)
                                 0x68 (size before relaxing)
 .debug_str     0x000001fe        0x0 C:/avr-gcc/bin/../lib/gcc/avr/15.2.0/avr5\libgcc.a(_udivmodsi4.o)
                                 0x68 (size before relaxing)
 .debug_str     0x000001fe        0x0 C:/avr-gcc/bin/../lib/gcc/avr/15.2.0/avr5\libgcc.a(_exit.o)
                                 0x68 (size before relaxing)
 .debug_str     0x000001fe        0x0 C:/avr-gcc/bin/../lib/gcc/avr/15.2.0/avr5\libgcc.a(_tablejump2.o)
                                 0x68 (size before relaxing)
 .debug_str     0x000001fe        0x0 C:/avr-gcc/bin/../lib/gcc/avr/15.2.0/avr5\libgcc.a(_copy_data.o)
                                 0x68 (size before relaxing)
 .debug_str     0x000001fe        0x0 C:/avr-gcc/bin/../lib/gcc/avr/15.2.0/avr5\libgcc.a(_clear_bss.o)
                                 0x68 (size before relaxing)
 .debug_str     0x000001fe        0x0 C:/avr-gcc/bin/../lib/gcc/avr/15.2.0/avr5\libgcc.a(_muluhisi3.o)
                                 0x68 (size before relaxing)

.debug_loc
 *(.debug_loc)

.debug_macinfo
 *(.debug_macinfo)

.debug_weaknames
 *(.debug_weaknames)

.debug_funcnames
 *(.debug_funcnames)

.debug_typenames
 *(.debug_typenames)

.debug_varnames
 *(.debug_varnames)

.debug_pubtypes
 *(.debug_pubtypes)

.debug_ranges
 *(.debug_ranges)

.debug_addr
 *(.debug_addr)

.debug_line_str
                0x00000000       0x5c
 *(.debug_line_str)
 .debug_line_str
                0x00000000       0x5c C:/avr-gcc/bin/../lib/gcc/avr/15.2.0/avr5\libgcc.a(_umulhisi3.o)
 .debug_line_str
                0x0000005c        0x0 C:/avr-gcc/bin/../lib/gcc/avr/15.2.0/avr5\libgcc.a(_udivmodhi4.o)
                                 0x5c (size before relaxing)
 .debug_line_str
                0x0000005c        0x0 C:/avr-gcc/bin/../lib/gcc/avr/15.2.0/avr5\libgcc.a(_udivmodsi4.o)
                                 0x5c (size before relaxing)
 .debug_line_str
                0x0000005c        0x0 C:/avr-gcc/bin/../lib/gcc/avr/15.2.0/avr5\libgcc.a(_exit.o)
                                 0x5c (size before relaxing)
 .debug_line_str
                0x0000005c        0x0 C:/avr-gcc/bin/../lib/gcc/avr/15.2.0/avr5\libgcc.a(_tablejump2.o)
                                 0x5c (size before relaxing)
 .debug_line_str
                0x0000005c        0x0 C:/avr-gcc/bin/../lib/gcc/avr/15.2.0/avr5\libgcc.a(_copy_data.o)
                                 0x5c (size before relaxing)
 .debug_line_str
                0x0000005c        0x0 C:/avr-gcc/bin/../lib/gcc/avr/15.2.0/avr5\libgcc.a(_clear_bss.o)
                                 0x5c (size before relaxing)
 .debug_line_str
                0x0000005c        0x0 C:/avr-gcc/bin/../lib/gcc/avr/15.2.0/avr5\libgcc.a(_muluhisi3.o)
                                 0x5c (size before relaxing)

.debug_loclists
 *(.debug_loclists)

.debug_macro
 *(.debug_macro)

.debug_names
 *(.debug_names)

.debug_rnglists
 *(.debug_rnglists)

.debug_str_offsets
 *(.debug_str_offsets)

.debug_sup
 *(.debug_sup)
OUTPUT(build/program.elf elf32-avr)
LOAD linker stubs
