Archive member included to satisfy reference by file (symbol)

C:/avr-gcc/bin/../lib/gcc/avr/15.2.0/avr5\libgcc.a(_umulhisi3.o)
                              build/HAL/current/current.o (__umulhisi3)
C:/avr-gcc/bin/../lib/gcc/avr/15.2.0/avr5\libgcc.a(_udivmodhi4.o)
                              build/main.o (__udivmodhi4)
C:/avr-gcc/bin/../lib/gcc/avr/15.2.0/avr5\libgcc.a(_udivmodsi4.o)
                              build/main.o (__udivmodsi4)
C:/avr-gcc/bin/../lib/gcc/avr/15.2.0/avr5\libgcc.a(_exit.o)
                              C:/avr-gcc/bin/../lib/gcc/avr/15.2.0/../../../../avr/lib/avr5/crtatmega32.o (exit)
C:/avr-gcc/bin/../lib/gcc/avr/15.2.0/avr5\libgcc.a(_tablejump2.o)
                              build/Logic/interlocks/interlocks.o (__tablejump2__)
C:/avr-gcc/bin/../lib/gcc/avr/15.2.0/avr5\libgcc.a(_copy_data.o)
                              build/main.o (__do_copy_data)
C:/avr-gcc/bin/../lib/gcc/avr/15.2.0/avr5\libgcc.a(_clear_bss.o)
                              build/main.o (__do_clear_bss)
C:/avr-gcc/bin/../lib/gcc/avr/15.2.0/avr5\libgcc.a(_muluhisi3.o)
                              build/Logic/Flowmeter/Flowmeter.o (__muluhisi3)
C:/avr-gcc/bin/../lib/gcc/avr/15.2.0/../../../../avr/lib/avr5\libm.a(divsf3.o)
                              build/Logic/Console/console.o (__divsf3)
C:/avr-gcc/bin/../lib/gcc/avr/15.2.0/../../../../avr/lib/avr5\libm.a(divsf3x.o)
                              C:/avr-gcc/bin/../lib/gcc/avr/15.2.0/../../../../avr/lib/avr5\libm.a(divsf3.o) (__divsf3x)
C:/avr-gcc/bin/../lib/gcc/avr/15.2.0/../../../../avr/lib/avr5\libm.a(floatsisf.o)
                              build/Logic/Console/console.o (__floatunsisf)
C:/avr-gcc/bin/../lib/gcc/avr/15.2.0/../../../../avr/lib/avr5\libm.a(fp_inf.o)
                              C:/avr-gcc/bin/../lib/gcc/avr/15.2.0/../../../../avr/lib/avr5\libm.a(divsf3x.o) (__fp_inf)
C:/avr-gcc/bin/../lib/gcc/avr/15.2.0/../../../../avr/lib/avr5\libm.a(fp_nan.o)
                              C:/avr-gcc/bin/../lib/gcc/avr/15.2.0/../../../../avr/lib/avr5\libm.a(divsf3x.o) (__fp_nan)
C:/avr-gcc/bin/../lib/gcc/avr/15.2.0/../../../../avr/lib/avr5\libm.a(fp_pscA.o)
                              C:/avr-gcc/bin/../lib/gcc/avr/15.2.0/../../../../avr/lib/avr5\libm.a(divsf3x.o) (__fp_pscA)
C:/avr-gcc/bin/../lib/gcc/avr/15.2.0/../../../../avr/lib/avr5\libm.a(fp_pscB.o)
                              C:/avr-gcc/bin/../lib/gcc/avr/15.2.0/../../../../avr/lib/avr5\libm.a(divsf3x.o) (__fp_pscB)
C:/avr-gcc/bin/../lib/gcc/avr/15.2.0/../../../../avr/lib/avr5\libm.a(fp_round.o)
                              C:/avr-gcc/bin/../lib/gcc/avr/15.2.0/../../../../avr/lib/avr5\libm.a(divsf3.o) (__fp_round)
C:/avr-gcc/bin/../lib/gcc/avr/15.2.0/../../../../avr/lib/avr5\libm.a(fp_split3.o)
                              C:/avr-gcc/bin/../lib/gcc/avr/15.2.0/../../../../avr/lib/avr5\libm.a(divsf3x.o) (__fp_split3)
C:/avr-gcc/bin/../lib/gcc/avr/15.2.0/../../../../avr/lib/avr5\libm.a(fp_zero.o)
                              C:/avr-gcc/bin/../lib/gcc/avr/15.2.0/../../../../avr/lib/avr5\libm.a(divsf3x.o) (__fp_szero)
C:/avr-gcc/bin/../lib/gcc/avr/15.2.0/../../../../avr/lib/avr5\libc.a(sprintf.o)
                              build/Logic/Console/console.o (sprintf)
C:/avr-gcc/bin/../lib/gcc/avr/15.2.0/../../../../avr/lib/avr5\libc.a(vfprintf_std.o)
                              C:/avr-gcc/bin/../lib/gcc/avr/15.2.0/../../../../avr/lib/avr5\libc.a(sprintf.o) (vfprintf)
C:/avr-gcc/bin/../lib/gcc/avr/15.2.0/../../../../avr/lib/avr5\libc.a(strnlen_P.o)
                              C:/avr-gcc/bin/../lib/gcc/avr/15.2.0/../../../../avr/lib/avr5\libc.a(vfprintf_std.o) (strnlen_P)
C:/avr-gcc/bin/../lib/gcc/avr/15.2.0/../../../../avr/lib/avr5\libc.a(strnlen.o)
                              C:/avr-gcc/bin/../lib/gcc/avr/15.2.0/../../../../avr/lib/avr5\libc.a(vfprintf_std.o) (strnlen)
C:/avr-gcc/bin/../lib/gcc/avr/15.2.0/../../../../avr/lib/avr5\libc.a(fputc.o)
                              C:/avr-gcc/bin/../lib/gcc/avr/15.2.0/../../../../avr/lib/avr5\libc.a(vfprintf_std.o) (fputc)
C:/avr-gcc/bin/../lib/gcc/avr/15.2.0/../../../../avr/lib/avr5\libc.a(ultoa_invert.o)
                              C:/avr-gcc/bin/../lib/gcc/avr/15.2.0/../../../../avr/lib/avr5\libc.a(vfprintf_std.o) (__ultoa_invert)
C:/avr-gcc/bin/../lib/gcc/avr/15.2.0/avr5\libgcc.a(_negsi2.o)
                              C:/avr-gcc/bin/../lib/gcc/avr/15.2.0/../../../../avr/lib/avr5\libc.a(vfprintf_std.o) (__negsi2)
C:/avr-gcc/bin/../lib/gcc/avr/15.2.0/avr5\libgcc.a(_prologue.o)
                              C:/avr-gcc/bin/../lib/gcc/avr/15.2.0/../../../../avr/lib/avr5\libc.a(sprintf.o) (__prologue_saves__)
C:/avr-gcc/bin/../lib/gcc/avr/15.2.0/avr5\libgcc.a(_epilogue.o)
                              C:/avr-gcc/bin/../lib/gcc/avr/15.2.0/../../../../avr/lib/avr5\libc.a(sprintf.o) (__epilogue_restores__)

Discarded input sections

 .data          0x00000000        0x0 C:/avr-gcc/bin/../lib/gcc/avr/15.2.0/../../../../avr/lib/avr5/crtatmega32.o
 .bss           0x00000000        0x0 C:/avr-gcc/bin/../lib/gcc/avr/15.2.0/../../../../avr/lib/avr5/crtatmega32.o
 .text          0x00000000        0x0 build/main.o
 .data          0x00000000        0x0 build/main.o
 .bss           0x00000000        0x0 build/main.o
 .text          0x00000000        0x0 build/HAL/Bargraph/bargraph.o
 .data          0x00000000        0x0 build/HAL/Bargraph/bargraph.o
 .bss           0x00000000        0x0 build/HAL/Bargraph/bargraph.o
 .text          0x00000000        0x0 build/HAL/Buttons/buttons.o
 .data          0x00000000        0x0 build/HAL/Buttons/buttons.o
 .bss           0x00000000        0x0 build/HAL/Buttons/buttons.o
 .text.BTN_IsPressed
                0x00000000       0x30 build/HAL/Buttons/buttons.o
 .text          0x00000000        0x0 build/HAL/current/current.o
 .data          0x00000000        0x0 build/HAL/current/current.o
 .bss           0x00000000        0x0 build/HAL/current/current.o
 .text.CUR_IsOverLimit
                0x00000000       0x16 build/HAL/current/current.o
 .text          0x00000000        0x0 build/HAL/floats/floats.o
 .data          0x00000000        0x0 build/HAL/floats/floats.o
 .bss           0x00000000        0x0 build/HAL/floats/floats.o
 .text          0x00000000        0x0 build/HAL/KeyPad/KeyPad.o
 .data          0x00000000        0x0 build/HAL/KeyPad/KeyPad.o
 .bss           0x00000000        0x0 build/HAL/KeyPad/KeyPad.o
 .text.Keypad_Init
                0x00000000       0x16 build/HAL/KeyPad/KeyPad.o
 .text.KeyPad_GetPressedKey
                0x00000000       0xca build/HAL/KeyPad/KeyPad.o
 .comment       0x00000000       0x13 build/HAL/KeyPad/KeyPad.o
 .text          0x00000000        0x0 build/HAL/lcd_i2c/lcd_i2c.o
 .data          0x00000000        0x0 build/HAL/lcd_i2c/lcd_i2c.o
 .bss           0x00000000        0x0 build/HAL/lcd_i2c/lcd_i2c.o
 .text          0x00000000        0x0 build/HAL/Level/level.o
 .data          0x00000000        0x0 build/HAL/Level/level.o
 .bss           0x00000000        0x0 build/HAL/Level/level.o
 .text.LEVEL_GetBand
                0x00000000       0x3a build/HAL/Level/level.o
 .text          0x00000000        0x0 build/HAL/Pump/Pump.o
 .data          0x00000000        0x0 build/HAL/Pump/Pump.o
 .bss           0x00000000        0x0 build/HAL/Pump/Pump.o
 .text          0x00000000        0x0 build/HAL/SevenSegment/SevenSegment.o
 .data          0x00000000        0x0 build/HAL/SevenSegment/SevenSegment.o
 .bss           0x00000000        0x0 build/HAL/SevenSegment/SevenSegment.o
 .text.SevenSegment_Init
                0x00000000       0x16 build/HAL/SevenSegment/SevenSegment.o
 .rodata.SevenSegment_DisplayNumber.str1.1
                0x00000000        0xb build/HAL/SevenSegment/SevenSegment.o
 .text.SevenSegment_DisplayNumber
                0x00000000       0x54 build/HAL/SevenSegment/SevenSegment.o
 .comment       0x00000000       0x13 build/HAL/SevenSegment/SevenSegment.o
 .text          0x00000000        0x0 build/HAL/Shiftreg/Shiftreg.o
 .data          0x00000000        0x0 build/HAL/Shiftreg/Shiftreg.o
 .bss           0x00000000        0x0 build/HAL/Shiftreg/Shiftreg.o
 .text          0x00000000        0x0 build/HAL/Valve/Valve.o
 .data          0x00000000        0x0 build/HAL/Valve/Valve.o
 .bss           0x00000000        0x0 build/HAL/Valve/Valve.o
 .text          0x00000000        0x0 build/LIB/Ringbuffer/Ringbuffer.o
 .data          0x00000000        0x0 build/LIB/Ringbuffer/Ringbuffer.o
 .bss           0x00000000        0x0 build/LIB/Ringbuffer/Ringbuffer.o
 .text.RB_IsFull
                0x00000000       0x1c build/LIB/Ringbuffer/Ringbuffer.o
 .text          0x00000000        0x0 build/Logic/Console/console.o
 .data          0x00000000        0x0 build/Logic/Console/console.o
 .bss           0x00000000        0x0 build/Logic/Console/console.o
 .text.CON_SendStatus
                0x00000000        0x8 build/Logic/Console/console.o
 .text          0x00000000        0x0 build/Logic/demand/demand.o
 .data          0x00000000        0x0 build/Logic/demand/demand.o
 .bss           0x00000000        0x0 build/Logic/demand/demand.o
 .text          0x00000000        0x0 build/Logic/FaultLog/faultlog.o
 .data          0x00000000        0x0 build/Logic/FaultLog/faultlog.o
 .bss           0x00000000        0x0 build/Logic/FaultLog/faultlog.o
 .text.FLG_Append
                0x00000000       0x88 build/Logic/FaultLog/faultlog.o
 .text.FLG_IsFull
                0x00000000       0x16 build/Logic/FaultLog/faultlog.o
 .text.FLG_GetNewestFirst
                0x00000000       0x44 build/Logic/FaultLog/faultlog.o
 .text          0x00000000        0x0 build/Logic/Flowmeter/Flowmeter.o
 .data          0x00000000        0x0 build/Logic/Flowmeter/Flowmeter.o
 .bss           0x00000000        0x0 build/Logic/Flowmeter/Flowmeter.o
 .text.FLOWMETER_GetPulsesPerSec
                0x00000000        0xa build/Logic/Flowmeter/Flowmeter.o
 .text.FLOWMETER_ResetTotaliser
                0x00000000       0x16 build/Logic/Flowmeter/Flowmeter.o
 .text          0x00000000        0x0 build/Logic/interlocks/interlocks.o
 .data          0x00000000        0x0 build/Logic/interlocks/interlocks.o
 .bss           0x00000000        0x0 build/Logic/interlocks/interlocks.o
 .text          0x00000000        0x0 build/Logic/Scheduler/Scheduler.o
 .data          0x00000000        0x0 build/Logic/Scheduler/Scheduler.o
 .bss           0x00000000        0x0 build/Logic/Scheduler/Scheduler.o
 .text          0x00000000        0x0 build/Logic/tank_fsm/tank_fsm.o
 .data          0x00000000        0x0 build/Logic/tank_fsm/tank_fsm.o
 .bss           0x00000000        0x0 build/Logic/tank_fsm/tank_fsm.o
 .text          0x00000000        0x0 build/MCAL/ADC/ADC.o
 .data          0x00000000        0x0 build/MCAL/ADC/ADC.o
 .bss           0x00000000        0x0 build/MCAL/ADC/ADC.o
 .text.ADC_StartConversion
                0x00000000       0x1a build/MCAL/ADC/ADC.o
 .text.ADC_GetResult
                0x00000000       0x20 build/MCAL/ADC/ADC.o
 .text          0x00000000        0x0 build/MCAL/GPIO/GPIO.o
 .data          0x00000000        0x0 build/MCAL/GPIO/GPIO.o
 .bss           0x00000000        0x0 build/MCAL/GPIO/GPIO.o
 .text.GPIO_TogglePinValue
                0x00000000       0x4c build/MCAL/GPIO/GPIO.o
 .text.GPIO_SetPortDirection
                0x00000000       0x2a build/MCAL/GPIO/GPIO.o
 .text.GPIO_SetPortValue
                0x00000000       0x2a build/MCAL/GPIO/GPIO.o
 .text.GPIO_GetPortValue
                0x00000000       0x32 build/MCAL/GPIO/GPIO.o
 .text          0x00000000        0x0 build/MCAL/I2C/I2C.o
 .data          0x00000000        0x0 build/MCAL/I2C/I2C.o
 .bss           0x00000000        0x0 build/MCAL/I2C/I2C.o
 .text.I2C_SendRepeatedStart
                0x00000000       0x1c build/MCAL/I2C/I2C.o
 .text.I2C_SendSlaveAddressWithRead
                0x00000000       0x22 build/MCAL/I2C/I2C.o
 .text.I2C_ReceiveByte
                0x00000000       0x40 build/MCAL/I2C/I2C.o
 .text          0x00000000        0x0 build/MCAL/INTERRUPT/INTERRUPT.o
 .data          0x00000000        0x0 build/MCAL/INTERRUPT/INTERRUPT.o
 .bss           0x00000000        0x0 build/MCAL/INTERRUPT/INTERRUPT.o
 .text.INTERRUPT_DisableGlobal
                0x00000000        0xc build/MCAL/INTERRUPT/INTERRUPT.o
 .text.EXTI_Disable
                0x00000000       0x2a build/MCAL/INTERRUPT/INTERRUPT.o
 .text          0x00000000        0x0 build/MCAL/SPI/SPI.o
 .data          0x00000000        0x0 build/MCAL/SPI/SPI.o
 .bss           0x00000000        0x0 build/MCAL/SPI/SPI.o
 .text.SPI_InitSlave
                0x00000000       0x14 build/MCAL/SPI/SPI.o
 .text.SPI_SelectSlave
                0x00000000       0x3c build/MCAL/SPI/SPI.o
 .text.SPI_ReleaseSlave
                0x00000000       0x14 build/MCAL/SPI/SPI.o
 .text          0x00000000        0x0 build/MCAL/TIMER/TIMER.o
 .data          0x00000000        0x0 build/MCAL/TIMER/TIMER.o
 .bss           0x00000000        0x0 build/MCAL/TIMER/TIMER.o
 .text.TIMER0_DelayS
                0x00000000       0x4a build/MCAL/TIMER/TIMER.o
 .text.TIMER0_PWM
                0x00000000       0x40 build/MCAL/TIMER/TIMER.o
 .text.TIMER0_Stop
                0x00000000       0x16 build/MCAL/TIMER/TIMER.o
 .text.TIMER1_Init
                0x00000000       0x1e build/MCAL/TIMER/TIMER.o
 .text.TIMER1_DelayMS
                0x00000000       0x30 build/MCAL/TIMER/TIMER.o
 .text.TIMER1_PWM
                0x00000000       0x90 build/MCAL/TIMER/TIMER.o
 .text.TIMER1_Stop
                0x00000000       0x12 build/MCAL/TIMER/TIMER.o
 .text.TIMER1_ResetCounter
                0x00000000        0xa build/MCAL/TIMER/TIMER.o
 .text          0x00000000        0x0 build/MCAL/UART/UART.o
 .data          0x00000000        0x0 build/MCAL/UART/UART.o
 .bss           0x00000000        0x0 build/MCAL/UART/UART.o
 .text.UART_ReceiveByte
                0x00000000       0x1a build/MCAL/UART/UART.o
 .text.UART_IsDataReady
                0x00000000        0xa build/MCAL/UART/UART.o
 .text.UART_SetTxInterrupt
                0x00000000       0x18 build/MCAL/UART/UART.o
 .text          0x00000000        0x0 C:/avr-gcc/bin/../lib/gcc/avr/15.2.0/avr5\libgcc.a(_umulhisi3.o)
 .data          0x00000000        0x0 C:/avr-gcc/bin/../lib/gcc/avr/15.2.0/avr5\libgcc.a(_umulhisi3.o)
 .bss           0x00000000        0x0 C:/avr-gcc/bin/../lib/gcc/avr/15.2.0/avr5\libgcc.a(_umulhisi3.o)
 .text.libgcc.div
                0x00000000        0x0 C:/avr-gcc/bin/../lib/gcc/avr/15.2.0/avr5\libgcc.a(_umulhisi3.o)
 .text.libgcc   0x00000000        0x0 C:/avr-gcc/bin/../lib/gcc/avr/15.2.0/avr5\libgcc.a(_umulhisi3.o)
 .text.libgcc.prologue
                0x00000000        0x0 C:/avr-gcc/bin/../lib/gcc/avr/15.2.0/avr5\libgcc.a(_umulhisi3.o)
 .text.libgcc.builtins
                0x00000000        0x0 C:/avr-gcc/bin/../lib/gcc/avr/15.2.0/avr5\libgcc.a(_umulhisi3.o)
 .text.libgcc.fmul
                0x00000000        0x0 C:/avr-gcc/bin/../lib/gcc/avr/15.2.0/avr5\libgcc.a(_umulhisi3.o)
 .text.libgcc.fixed
                0x00000000        0x0 C:/avr-gcc/bin/../lib/gcc/avr/15.2.0/avr5\libgcc.a(_umulhisi3.o)
 .text          0x00000000        0x0 C:/avr-gcc/bin/../lib/gcc/avr/15.2.0/avr5\libgcc.a(_udivmodhi4.o)
 .data          0x00000000        0x0 C:/avr-gcc/bin/../lib/gcc/avr/15.2.0/avr5\libgcc.a(_udivmodhi4.o)
 .bss           0x00000000        0x0 C:/avr-gcc/bin/../lib/gcc/avr/15.2.0/avr5\libgcc.a(_udivmodhi4.o)
 .text.libgcc.mul
                0x00000000        0x0 C:/avr-gcc/bin/../lib/gcc/avr/15.2.0/avr5\libgcc.a(_udivmodhi4.o)
 .text.libgcc   0x00000000        0x0 C:/avr-gcc/bin/../lib/gcc/avr/15.2.0/avr5\libgcc.a(_udivmodhi4.o)
 .text.libgcc.prologue
                0x00000000        0x0 C:/avr-gcc/bin/../lib/gcc/avr/15.2.0/avr5\libgcc.a(_udivmodhi4.o)
 .text.libgcc.builtins
                0x00000000        0x0 C:/avr-gcc/bin/../lib/gcc/avr/15.2.0/avr5\libgcc.a(_udivmodhi4.o)
 .text.libgcc.fmul
                0x00000000        0x0 C:/avr-gcc/bin/../lib/gcc/avr/15.2.0/avr5\libgcc.a(_udivmodhi4.o)
 .text.libgcc.fixed
                0x00000000        0x0 C:/avr-gcc/bin/../lib/gcc/avr/15.2.0/avr5\libgcc.a(_udivmodhi4.o)
 .text          0x00000000        0x0 C:/avr-gcc/bin/../lib/gcc/avr/15.2.0/avr5\libgcc.a(_udivmodsi4.o)
 .data          0x00000000        0x0 C:/avr-gcc/bin/../lib/gcc/avr/15.2.0/avr5\libgcc.a(_udivmodsi4.o)
 .bss           0x00000000        0x0 C:/avr-gcc/bin/../lib/gcc/avr/15.2.0/avr5\libgcc.a(_udivmodsi4.o)
 .text.libgcc.mul
                0x00000000        0x0 C:/avr-gcc/bin/../lib/gcc/avr/15.2.0/avr5\libgcc.a(_udivmodsi4.o)
 .text.libgcc   0x00000000        0x0 C:/avr-gcc/bin/../lib/gcc/avr/15.2.0/avr5\libgcc.a(_udivmodsi4.o)
 .text.libgcc.prologue
                0x00000000        0x0 C:/avr-gcc/bin/../lib/gcc/avr/15.2.0/avr5\libgcc.a(_udivmodsi4.o)
 .text.libgcc.builtins
                0x00000000        0x0 C:/avr-gcc/bin/../lib/gcc/avr/15.2.0/avr5\libgcc.a(_udivmodsi4.o)
 .text.libgcc.fmul
                0x00000000        0x0 C:/avr-gcc/bin/../lib/gcc/avr/15.2.0/avr5\libgcc.a(_udivmodsi4.o)
 .text.libgcc.fixed
                0x00000000        0x0 C:/avr-gcc/bin/../lib/gcc/avr/15.2.0/avr5\libgcc.a(_udivmodsi4.o)
 .text          0x00000000        0x0 C:/avr-gcc/bin/../lib/gcc/avr/15.2.0/avr5\libgcc.a(_exit.o)
 .data          0x00000000        0x0 C:/avr-gcc/bin/../lib/gcc/avr/15.2.0/avr5\libgcc.a(_exit.o)
 .bss           0x00000000        0x0 C:/avr-gcc/bin/../lib/gcc/avr/15.2.0/avr5\libgcc.a(_exit.o)
 .text.libgcc.mul
                0x00000000        0x0 C:/avr-gcc/bin/../lib/gcc/avr/15.2.0/avr5\libgcc.a(_exit.o)
 .text.libgcc.div
                0x00000000        0x0 C:/avr-gcc/bin/../lib/gcc/avr/15.2.0/avr5\libgcc.a(_exit.o)
 .text.libgcc   0x00000000        0x0 C:/avr-gcc/bin/../lib/gcc/avr/15.2.0/avr5\libgcc.a(_exit.o)
 .text.libgcc.prologue
                0x00000000        0x0 C:/avr-gcc/bin/../lib/gcc/avr/15.2.0/avr5\libgcc.a(_exit.o)
 .text.libgcc.builtins
                0x00000000        0x0 C:/avr-gcc/bin/../lib/gcc/avr/15.2.0/avr5\libgcc.a(_exit.o)
 .text.libgcc.fmul
                0x00000000        0x0 C:/avr-gcc/bin/../lib/gcc/avr/15.2.0/avr5\libgcc.a(_exit.o)
 .text.libgcc.fixed
                0x00000000        0x0 C:/avr-gcc/bin/../lib/gcc/avr/15.2.0/avr5\libgcc.a(_exit.o)
 .text          0x00000000        0x0 C:/avr-gcc/bin/../lib/gcc/avr/15.2.0/avr5\libgcc.a(_tablejump2.o)
 .data          0x00000000        0x0 C:/avr-gcc/bin/../lib/gcc/avr/15.2.0/avr5\libgcc.a(_tablejump2.o)
 .bss           0x00000000        0x0 C:/avr-gcc/bin/../lib/gcc/avr/15.2.0/avr5\libgcc.a(_tablejump2.o)
 .text.libgcc.mul
                0x00000000        0x0 C:/avr-gcc/bin/../lib/gcc/avr/15.2.0/avr5\libgcc.a(_tablejump2.o)
 .text.libgcc.div
                0x00000000        0x0 C:/avr-gcc/bin/../lib/gcc/avr/15.2.0/avr5\libgcc.a(_tablejump2.o)
 .text.libgcc.prologue
                0x00000000        0x0 C:/avr-gcc/bin/../lib/gcc/avr/15.2.0/avr5\libgcc.a(_tablejump2.o)
 .text.libgcc.builtins
                0x00000000        0x0 C:/avr-gcc/bin/../lib/gcc/avr/15.2.0/avr5\libgcc.a(_tablejump2.o)
 .text.libgcc.fmul
                0x00000000        0x0 C:/avr-gcc/bin/../lib/gcc/avr/15.2.0/avr5\libgcc.a(_tablejump2.o)
 .text.libgcc.fixed
                0x00000000        0x0 C:/avr-gcc/bin/../lib/gcc/avr/15.2.0/avr5\libgcc.a(_tablejump2.o)
 .text          0x00000000        0x0 C:/avr-gcc/bin/../lib/gcc/avr/15.2.0/avr5\libgcc.a(_copy_data.o)
 .data          0x00000000        0x0 C:/avr-gcc/bin/../lib/gcc/avr/15.2.0/avr5\libgcc.a(_copy_data.o)
 .bss           0x00000000        0x0 C:/avr-gcc/bin/../lib/gcc/avr/15.2.0/avr5\libgcc.a(_copy_data.o)
 .text.libgcc.mul
                0x00000000        0x0 C:/avr-gcc/bin/../lib/gcc/avr/15.2.0/avr5\libgcc.a(_copy_data.o)
 .text.libgcc.div
                0x00000000        0x0 C:/avr-gcc/bin/../lib/gcc/avr/15.2.0/avr5\libgcc.a(_copy_data.o)
 .text.libgcc   0x00000000        0x0 C:/avr-gcc/bin/../lib/gcc/avr/15.2.0/avr5\libgcc.a(_copy_data.o)
 .text.libgcc.prologue
                0x00000000        0x0 C:/avr-gcc/bin/../lib/gcc/avr/15.2.0/avr5\libgcc.a(_copy_data.o)
 .text.libgcc.builtins
                0x00000000        0x0 C:/avr-gcc/bin/../lib/gcc/avr/15.2.0/avr5\libgcc.a(_copy_data.o)
 .text.libgcc.fmul
                0x00000000        0x0 C:/avr-gcc/bin/../lib/gcc/avr/15.2.0/avr5\libgcc.a(_copy_data.o)
 .text.libgcc.fixed
                0x00000000        0x0 C:/avr-gcc/bin/../lib/gcc/avr/15.2.0/avr5\libgcc.a(_copy_data.o)
 .text          0x00000000        0x0 C:/avr-gcc/bin/../lib/gcc/avr/15.2.0/avr5\libgcc.a(_clear_bss.o)
 .data          0x00000000        0x0 C:/avr-gcc/bin/../lib/gcc/avr/15.2.0/avr5\libgcc.a(_clear_bss.o)
 .bss           0x00000000        0x0 C:/avr-gcc/bin/../lib/gcc/avr/15.2.0/avr5\libgcc.a(_clear_bss.o)
 .text.libgcc.mul
                0x00000000        0x0 C:/avr-gcc/bin/../lib/gcc/avr/15.2.0/avr5\libgcc.a(_clear_bss.o)
 .text.libgcc.div
                0x00000000        0x0 C:/avr-gcc/bin/../lib/gcc/avr/15.2.0/avr5\libgcc.a(_clear_bss.o)
 .text.libgcc   0x00000000        0x0 C:/avr-gcc/bin/../lib/gcc/avr/15.2.0/avr5\libgcc.a(_clear_bss.o)
 .text.libgcc.prologue
                0x00000000        0x0 C:/avr-gcc/bin/../lib/gcc/avr/15.2.0/avr5\libgcc.a(_clear_bss.o)
 .text.libgcc.builtins
                0x00000000        0x0 C:/avr-gcc/bin/../lib/gcc/avr/15.2.0/avr5\libgcc.a(_clear_bss.o)
 .text.libgcc.fmul
                0x00000000        0x0 C:/avr-gcc/bin/../lib/gcc/avr/15.2.0/avr5\libgcc.a(_clear_bss.o)
 .text.libgcc.fixed
                0x00000000        0x0 C:/avr-gcc/bin/../lib/gcc/avr/15.2.0/avr5\libgcc.a(_clear_bss.o)
 .text          0x00000000        0x0 C:/avr-gcc/bin/../lib/gcc/avr/15.2.0/avr5\libgcc.a(_muluhisi3.o)
 .data          0x00000000        0x0 C:/avr-gcc/bin/../lib/gcc/avr/15.2.0/avr5\libgcc.a(_muluhisi3.o)
 .bss           0x00000000        0x0 C:/avr-gcc/bin/../lib/gcc/avr/15.2.0/avr5\libgcc.a(_muluhisi3.o)
 .text.libgcc.div
                0x00000000        0x0 C:/avr-gcc/bin/../lib/gcc/avr/15.2.0/avr5\libgcc.a(_muluhisi3.o)
 .text.libgcc   0x00000000        0x0 C:/avr-gcc/bin/../lib/gcc/avr/15.2.0/avr5\libgcc.a(_muluhisi3.o)
 .text.libgcc.prologue
                0x00000000        0x0 C:/avr-gcc/bin/../lib/gcc/avr/15.2.0/avr5\libgcc.a(_muluhisi3.o)
 .text.libgcc.builtins
                0x00000000        0x0 C:/avr-gcc/bin/../lib/gcc/avr/15.2.0/avr5\libgcc.a(_muluhisi3.o)
 .text.libgcc.fmul
                0x00000000        0x0 C:/avr-gcc/bin/../lib/gcc/avr/15.2.0/avr5\libgcc.a(_muluhisi3.o)
 .text.libgcc.fixed
                0x00000000        0x0 C:/avr-gcc/bin/../lib/gcc/avr/15.2.0/avr5\libgcc.a(_muluhisi3.o)
 .text          0x00000000        0x0 C:/avr-gcc/bin/../lib/gcc/avr/15.2.0/../../../../avr/lib/avr5\libm.a(divsf3.o)
 .data          0x00000000        0x0 C:/avr-gcc/bin/../lib/gcc/avr/15.2.0/../../../../avr/lib/avr5\libm.a(divsf3.o)
 .bss           0x00000000        0x0 C:/avr-gcc/bin/../lib/gcc/avr/15.2.0/../../../../avr/lib/avr5\libm.a(divsf3.o)
 .text          0x00000000        0x0 C:/avr-gcc/bin/../lib/gcc/avr/15.2.0/../../../../avr/lib/avr5\libm.a(divsf3x.o)
 .data          0x00000000        0x0 C:/avr-gcc/bin/../lib/gcc/avr/15.2.0/../../../../avr/lib/avr5\libm.a(divsf3x.o)
 .bss           0x00000000        0x0 C:/avr-gcc/bin/../lib/gcc/avr/15.2.0/../../../../avr/lib/avr5\libm.a(divsf3x.o)
 .text          0x00000000        0x0 C:/avr-gcc/bin/../lib/gcc/avr/15.2.0/../../../../avr/lib/avr5\libm.a(floatsisf.o)
 .data          0x00000000        0x0 C:/avr-gcc/bin/../lib/gcc/avr/15.2.0/../../../../avr/lib/avr5\libm.a(floatsisf.o)
 .bss           0x00000000        0x0 C:/avr-gcc/bin/../lib/gcc/avr/15.2.0/../../../../avr/lib/avr5\libm.a(floatsisf.o)
 .text          0x00000000        0x0 C:/avr-gcc/bin/../lib/gcc/avr/15.2.0/../../../../avr/lib/avr5\libm.a(fp_inf.o)
 .data          0x00000000        0x0 C:/avr-gcc/bin/../lib/gcc/avr/15.2.0/../../../../avr/lib/avr5\libm.a(fp_inf.o)
 .bss           0x00000000        0x0 C:/avr-gcc/bin/../lib/gcc/avr/15.2.0/../../../../avr/lib/avr5\libm.a(fp_inf.o)
 .text          0x00000000        0x0 C:/avr-gcc/bin/../lib/gcc/avr/15.2.0/../../../../avr/lib/avr5\libm.a(fp_nan.o)
 .data          0x00000000        0x0 C:/avr-gcc/bin/../lib/gcc/avr/15.2.0/../../../../avr/lib/avr5\libm.a(fp_nan.o)
 .bss           0x00000000        0x0 C:/avr-gcc/bin/../lib/gcc/avr/15.2.0/../../../../avr/lib/avr5\libm.a(fp_nan.o)
 .text          0x00000000        0x0 C:/avr-gcc/bin/../lib/gcc/avr/15.2.0/../../../../avr/lib/avr5\libm.a(fp_pscA.o)
 .data          0x00000000        0x0 C:/avr-gcc/bin/../lib/gcc/avr/15.2.0/../../../../avr/lib/avr5\libm.a(fp_pscA.o)
 .bss           0x00000000        0x0 C:/avr-gcc/bin/../lib/gcc/avr/15.2.0/../../../../avr/lib/avr5\libm.a(fp_pscA.o)
 .text          0x00000000        0x0 C:/avr-gcc/bin/../lib/gcc/avr/15.2.0/../../../../avr/lib/avr5\libm.a(fp_pscB.o)
 .data          0x00000000        0x0 C:/avr-gcc/bin/../lib/gcc/avr/15.2.0/../../../../avr/lib/avr5\libm.a(fp_pscB.o)
 .bss           0x00000000        0x0 C:/avr-gcc/bin/../lib/gcc/avr/15.2.0/../../../../avr/lib/avr5\libm.a(fp_pscB.o)
 .text          0x00000000        0x0 C:/avr-gcc/bin/../lib/gcc/avr/15.2.0/../../../../avr/lib/avr5\libm.a(fp_round.o)
 .data          0x00000000        0x0 C:/avr-gcc/bin/../lib/gcc/avr/15.2.0/../../../../avr/lib/avr5\libm.a(fp_round.o)
 .bss           0x00000000        0x0 C:/avr-gcc/bin/../lib/gcc/avr/15.2.0/../../../../avr/lib/avr5\libm.a(fp_round.o)
 .text          0x00000000        0x0 C:/avr-gcc/bin/../lib/gcc/avr/15.2.0/../../../../avr/lib/avr5\libm.a(fp_split3.o)
 .data          0x00000000        0x0 C:/avr-gcc/bin/../lib/gcc/avr/15.2.0/../../../../avr/lib/avr5\libm.a(fp_split3.o)
 .bss           0x00000000        0x0 C:/avr-gcc/bin/../lib/gcc/avr/15.2.0/../../../../avr/lib/avr5\libm.a(fp_split3.o)
 .text          0x00000000        0x0 C:/avr-gcc/bin/../lib/gcc/avr/15.2.0/../../../../avr/lib/avr5\libm.a(fp_zero.o)
 .data          0x00000000        0x0 C:/avr-gcc/bin/../lib/gcc/avr/15.2.0/../../../../avr/lib/avr5\libm.a(fp_zero.o)
 .bss           0x00000000        0x0 C:/avr-gcc/bin/../lib/gcc/avr/15.2.0/../../../../avr/lib/avr5\libm.a(fp_zero.o)
 .text          0x00000000        0x0 C:/avr-gcc/bin/../lib/gcc/avr/15.2.0/../../../../avr/lib/avr5\libc.a(sprintf.o)
 .data          0x00000000        0x0 C:/avr-gcc/bin/../lib/gcc/avr/15.2.0/../../../../avr/lib/avr5\libc.a(sprintf.o)
 .bss           0x00000000        0x0 C:/avr-gcc/bin/../lib/gcc/avr/15.2.0/../../../../avr/lib/avr5\libc.a(sprintf.o)
 .text          0x00000000        0x0 C:/avr-gcc/bin/../lib/gcc/avr/15.2.0/../../../../avr/lib/avr5\libc.a(vfprintf_std.o)
 .data          0x00000000        0x0 C:/avr-gcc/bin/../lib/gcc/avr/15.2.0/../../../../avr/lib/avr5\libc.a(vfprintf_std.o)
 .bss           0x00000000        0x0 C:/avr-gcc/bin/../lib/gcc/avr/15.2.0/../../../../avr/lib/avr5\libc.a(vfprintf_std.o)
 .text          0x00000000        0x0 C:/avr-gcc/bin/../lib/gcc/avr/15.2.0/../../../../avr/lib/avr5\libc.a(strnlen_P.o)
 .data          0x00000000        0x0 C:/avr-gcc/bin/../lib/gcc/avr/15.2.0/../../../../avr/lib/avr5\libc.a(strnlen_P.o)
 .bss           0x00000000        0x0 C:/avr-gcc/bin/../lib/gcc/avr/15.2.0/../../../../avr/lib/avr5\libc.a(strnlen_P.o)
 .text          0x00000000        0x0 C:/avr-gcc/bin/../lib/gcc/avr/15.2.0/../../../../avr/lib/avr5\libc.a(strnlen.o)
 .data          0x00000000        0x0 C:/avr-gcc/bin/../lib/gcc/avr/15.2.0/../../../../avr/lib/avr5\libc.a(strnlen.o)
 .bss           0x00000000        0x0 C:/avr-gcc/bin/../lib/gcc/avr/15.2.0/../../../../avr/lib/avr5\libc.a(strnlen.o)
 .text          0x00000000        0x0 C:/avr-gcc/bin/../lib/gcc/avr/15.2.0/../../../../avr/lib/avr5\libc.a(fputc.o)
 .data          0x00000000        0x0 C:/avr-gcc/bin/../lib/gcc/avr/15.2.0/../../../../avr/lib/avr5\libc.a(fputc.o)
 .bss           0x00000000        0x0 C:/avr-gcc/bin/../lib/gcc/avr/15.2.0/../../../../avr/lib/avr5\libc.a(fputc.o)
 .text          0x00000000        0x0 C:/avr-gcc/bin/../lib/gcc/avr/15.2.0/../../../../avr/lib/avr5\libc.a(ultoa_invert.o)
 .data          0x00000000        0x0 C:/avr-gcc/bin/../lib/gcc/avr/15.2.0/../../../../avr/lib/avr5\libc.a(ultoa_invert.o)
 .bss           0x00000000        0x0 C:/avr-gcc/bin/../lib/gcc/avr/15.2.0/../../../../avr/lib/avr5\libc.a(ultoa_invert.o)
 .text          0x00000000        0x0 C:/avr-gcc/bin/../lib/gcc/avr/15.2.0/avr5\libgcc.a(_negsi2.o)
 .data          0x00000000        0x0 C:/avr-gcc/bin/../lib/gcc/avr/15.2.0/avr5\libgcc.a(_negsi2.o)
 .bss           0x00000000        0x0 C:/avr-gcc/bin/../lib/gcc/avr/15.2.0/avr5\libgcc.a(_negsi2.o)
 .text.libgcc.mul
                0x00000000        0x0 C:/avr-gcc/bin/../lib/gcc/avr/15.2.0/avr5\libgcc.a(_negsi2.o)
 .text.libgcc   0x00000000        0x0 C:/avr-gcc/bin/../lib/gcc/avr/15.2.0/avr5\libgcc.a(_negsi2.o)
 .text.libgcc.prologue
                0x00000000        0x0 C:/avr-gcc/bin/../lib/gcc/avr/15.2.0/avr5\libgcc.a(_negsi2.o)
 .text.libgcc.builtins
                0x00000000        0x0 C:/avr-gcc/bin/../lib/gcc/avr/15.2.0/avr5\libgcc.a(_negsi2.o)
 .text.libgcc.fmul
                0x00000000        0x0 C:/avr-gcc/bin/../lib/gcc/avr/15.2.0/avr5\libgcc.a(_negsi2.o)
 .text.libgcc.fixed
                0x00000000        0x0 C:/avr-gcc/bin/../lib/gcc/avr/15.2.0/avr5\libgcc.a(_negsi2.o)
 .text          0x00000000        0x0 C:/avr-gcc/bin/../lib/gcc/avr/15.2.0/avr5\libgcc.a(_prologue.o)
 .data          0x00000000        0x0 C:/avr-gcc/bin/../lib/gcc/avr/15.2.0/avr5\libgcc.a(_prologue.o)
 .bss           0x00000000        0x0 C:/avr-gcc/bin/../lib/gcc/avr/15.2.0/avr5\libgcc.a(_prologue.o)
 .text.libgcc.mul
                0x00000000        0x0 C:/avr-gcc/bin/../lib/gcc/avr/15.2.0/avr5\libgcc.a(_prologue.o)
 .text.libgcc.div
                0x00000000        0x0 C:/avr-gcc/bin/../lib/gcc/avr/15.2.0/avr5\libgcc.a(_prologue.o)
 .text.libgcc   0x00000000        0x0 C:/avr-gcc/bin/../lib/gcc/avr/15.2.0/avr5\libgcc.a(_prologue.o)
 .text.libgcc.builtins
                0x00000000        0x0 C:/avr-gcc/bin/../lib/gcc/avr/15.2.0/avr5\libgcc.a(_prologue.o)
 .text.libgcc.fmul
                0x00000000        0x0 C:/avr-gcc/bin/../lib/gcc/avr/15.2.0/avr5\libgcc.a(_prologue.o)
 .text.libgcc.fixed
                0x00000000        0x0 C:/avr-gcc/bin/../lib/gcc/avr/15.2.0/avr5\libgcc.a(_prologue.o)
 .text          0x00000000        0x0 C:/avr-gcc/bin/../lib/gcc/avr/15.2.0/avr5\libgcc.a(_epilogue.o)
 .data          0x00000000        0x0 C:/avr-gcc/bin/../lib/gcc/avr/15.2.0/avr5\libgcc.a(_epilogue.o)
 .bss           0x00000000        0x0 C:/avr-gcc/bin/../lib/gcc/avr/15.2.0/avr5\libgcc.a(_epilogue.o)
 .text.libgcc.mul
                0x00000000        0x0 C:/avr-gcc/bin/../lib/gcc/avr/15.2.0/avr5\libgcc.a(_epilogue.o)
 .text.libgcc.div
                0x00000000        0x0 C:/avr-gcc/bin/../lib/gcc/avr/15.2.0/avr5\libgcc.a(_epilogue.o)
 .text.libgcc   0x00000000        0x0 C:/avr-gcc/bin/../lib/gcc/avr/15.2.0/avr5\libgcc.a(_epilogue.o)
 .text.libgcc.builtins
                0x00000000        0x0 C:/avr-gcc/bin/../lib/gcc/avr/15.2.0/avr5\libgcc.a(_epilogue.o)
 .text.libgcc.fmul
                0x00000000        0x0 C:/avr-gcc/bin/../lib/gcc/avr/15.2.0/avr5\libgcc.a(_epilogue.o)
 .text.libgcc.fixed
                0x00000000        0x0 C:/avr-gcc/bin/../lib/gcc/avr/15.2.0/avr5\libgcc.a(_epilogue.o)

Memory Configuration

Name             Origin             Length             Attributes
text             0x00000000         0x00008000         xr
data             0x00800060         0x00000800         rw!x
eeprom           0x00810000         0x00000400         rw!x
fuse             0x00820000         0x00000002         rw!x
lock             0x00830000         0x00000400         rw!x
signature        0x00840000         0x00000400         rw!x
user_signatures  0x00850000         0x00000400         rw!x
*default*        0x00000000         0xffffffff

Linker script and memory map

LOAD C:/avr-gcc/bin/../lib/gcc/avr/15.2.0/../../../../avr/lib/avr5/crtatmega32.o
LOAD build/main.o
LOAD build/HAL/Bargraph/bargraph.o
LOAD build/HAL/Buttons/buttons.o
LOAD build/HAL/current/current.o
LOAD build/HAL/floats/floats.o
LOAD build/HAL/KeyPad/KeyPad.o
LOAD build/HAL/lcd_i2c/lcd_i2c.o
LOAD build/HAL/Level/level.o
LOAD build/HAL/Pump/Pump.o
LOAD build/HAL/SevenSegment/SevenSegment.o
LOAD build/HAL/Shiftreg/Shiftreg.o
LOAD build/HAL/Valve/Valve.o
LOAD build/LIB/Ringbuffer/Ringbuffer.o
LOAD build/Logic/Console/console.o
LOAD build/Logic/demand/demand.o
LOAD build/Logic/FaultLog/faultlog.o
LOAD build/Logic/Flowmeter/Flowmeter.o
LOAD build/Logic/interlocks/interlocks.o
LOAD build/Logic/Scheduler/Scheduler.o
LOAD build/Logic/tank_fsm/tank_fsm.o
LOAD build/MCAL/ADC/ADC.o
LOAD build/MCAL/GPIO/GPIO.o
LOAD build/MCAL/I2C/I2C.o
LOAD build/MCAL/INTERRUPT/INTERRUPT.o
LOAD build/MCAL/SPI/SPI.o
LOAD build/MCAL/TIMER/TIMER.o
LOAD build/MCAL/UART/UART.o
START GROUP
LOAD C:/avr-gcc/bin/../lib/gcc/avr/15.2.0/avr5\libgcc.a
LOAD C:/avr-gcc/bin/../lib/gcc/avr/15.2.0/../../../../avr/lib/avr5\libm.a
LOAD C:/avr-gcc/bin/../lib/gcc/avr/15.2.0/../../../../avr/lib/avr5\libc.a
LOAD C:/avr-gcc/bin/../lib/gcc/avr/15.2.0/../../../../avr/lib/avr5\libatmega32.a
END GROUP
                [0x00000000]                      __TEXT_REGION_ORIGIN__ = DEFINED (__TEXT_REGION_ORIGIN__)?__TEXT_REGION_ORIGIN__:0x0
                [0x00008000]                      __TEXT_REGION_LENGTH__ = DEFINED (__TEXT_REGION_LENGTH__)?__TEXT_REGION_LENGTH__:0x20000
                [0x00800060]                      __DATA_REGION_ORIGIN__ = DEFINED (__DATA_REGION_ORIGIN__)?__DATA_REGION_ORIGIN__:0x800060
                [0x00000800]                      __DATA_REGION_LENGTH__ = DEFINED (__DATA_REGION_LENGTH__)?__DATA_REGION_LENGTH__:0xffa0
                [0x00000400]                      __EEPROM_REGION_LENGTH__ = DEFINED (__EEPROM_REGION_LENGTH__)?__EEPROM_REGION_LENGTH__:0x10000
                [0x00000002]                      __FUSE_REGION_LENGTH__ = DEFINED (__FUSE_REGION_LENGTH__)?__FUSE_REGION_LENGTH__:0x400
                0x00000400                        __LOCK_REGION_LENGTH__ = DEFINED (__LOCK_REGION_LENGTH__)?__LOCK_REGION_LENGTH__:0x400
                0x00000400                        __SIGNATURE_REGION_LENGTH__ = DEFINED (__SIGNATURE_REGION_LENGTH__)?__SIGNATURE_REGION_LENGTH__:0x400
                0x00000400                        __USER_SIGNATURE_REGION_LENGTH__ = DEFINED (__USER_SIGNATURE_REGION_LENGTH__)?__USER_SIGNATURE_REGION_LENGTH__:0x400

.hash
 *(.hash)

.dynsym
 *(.dynsym)

.dynstr
 *(.dynstr)

.gnu.version
 *(.gnu.version)

.gnu.version_d
 *(.gnu.version_d)

.gnu.version_r
 *(.gnu.version_r)

.rel.init
 *(.rel.init)

.rela.init
 *(.rela.init)

.rel.text
 *(.rel.text)
 *(.rel.text.*)
 *(.rel.gnu.linkonce.t*)

.rela.text
 *(.rela.text)
 *(.rela.text.*)
 *(.rela.gnu.linkonce.t*)

.rel.fini
 *(.rel.fini)

.rela.fini
 *(.rela.fini)

.rel.rodata
 *(.rel.rodata)
 *(.rel.rodata.*)
 *(.rel.gnu.linkonce.r*)

.rela.rodata
 *(.rela.rodata)
 *(.rela.rodata.*)
 *(.rela.gnu.linkonce.r*)

.rel.data
 *(.rel.data)
 *(.rel.data.*)
 *(.rel.gnu.linkonce.d*)

.rela.data
 *(.rela.data)
 *(.rela.data.*)
 *(.rela.gnu.linkonce.d*)

.rel.ctors
 *(.rel.ctors)

.rela.ctors
 *(.rela.ctors)

.rel.dtors
 *(.rel.dtors)

.rela.dtors
 *(.rela.dtors)

.rel.got
 *(.rel.got)

.rela.got
 *(.rela.got)

.rel.bss
 *(.rel.bss)

.rela.bss
 *(.rela.bss)

.rel.plt
 *(.rel.plt)

.rela.plt
 *(.rela.plt)

.text           0x00000000     0x2f4a
 *(.vectors)
 .vectors       0x00000000       0x54 C:/avr-gcc/bin/../lib/gcc/avr/15.2.0/../../../../avr/lib/avr5/crtatmega32.o
                0x00000000                __vector_default
                0x00000000                __vectors
 *(.vectors)
                0x00000054                        __progmem_start = .
 *(.progmem)
 *(.progmem.*)
                0x00000054                        __progmem_end = .
                0x00000001                        ASSERT (((__progmem_start == __progmem_end) || (__progmem_end <= 0x10000)), .progmem section exceeds 0x10000)
                0x00000054                        . = ALIGN (0x2)
                0x00000054                        __trampolines_start = .
 *(.trampolines)
 .trampolines   0x00000054        0x0 linker stubs
 *(.trampolines*)
                0x00000054                        __trampolines_end = .
                0x00000054                        . = ALIGN (0x2)
 *(.lowtext)
 *(.lowtext*)
                0x00000054                        __ctors_start = .
 *(.ctors)
                0x00000054                        __ctors_end = .
                0x00000054                        __dtors_start = .
 *(.dtors)
                0x00000054                        __dtors_end = .
 SORT_BY_NAME(*)(.ctors)
 SORT_BY_NAME(*)(.dtors)
 *(.init0)
 .init0         0x00000054        0x0 C:/avr-gcc/bin/../lib/gcc/avr/15.2.0/../../../../avr/lib/avr5/crtatmega32.o
                0x00000054                __init
 *(.init0)
 *(.init1)
 *(.init1)
 *(.init2)
 .init2         0x00000054        0xc C:/avr-gcc/bin/../lib/gcc/avr/15.2.0/../../../../avr/lib/avr5/crtatmega32.o
 *(.init2)
 *(.init3)
 *(.init3)
 *(.init4)
 .init4         0x00000060       0x16 C:/avr-gcc/bin/../lib/gcc/avr/15.2.0/avr5\libgcc.a(_copy_data.o)
                0x00000060                __do_copy_data
 .init4         0x00000076       0x10 C:/avr-gcc/bin/../lib/gcc/avr/15.2.0/avr5\libgcc.a(_clear_bss.o)
                0x00000076                __do_clear_bss
 *(.init4)
 *(.init5)
 *(.init5)
 *(.init6)
 *(.init6)
 *(.init7)
 *(.init7)
 *(.init8)
 *(.init8)
 *(.init9)
 .init9         0x00000086        0x8 C:/avr-gcc/bin/../lib/gcc/avr/15.2.0/../../../../avr/lib/avr5/crtatmega32.o
 *(.init9)
 *(.text)
 .text          0x0000008e        0x4 C:/avr-gcc/bin/../lib/gcc/avr/15.2.0/../../../../avr/lib/avr5/crtatmega32.o
                0x0000008e                __vector_12
                0x0000008e                __bad_interrupt
                0x0000008e                __vector_6
                0x0000008e                __vector_11
                0x0000008e                __vector_17
                0x0000008e                __vector_19
                0x0000008e                __vector_7
                0x0000008e                __vector_5
                0x0000008e                __vector_4
                0x0000008e                __vector_9
                0x0000008e                __vector_15
                0x0000008e                __vector_8
                0x0000008e                __vector_14
                0x0000008e                __vector_10
                0x0000008e                __vector_16
                0x0000008e                __vector_18
                0x0000008e                __vector_20
                0x00000092                        . = ALIGN (0x2)
 *(.text.*)
 .text.APP_Task500ms
                0x00000092       0xae build/main.o
 .text.APP_HighFloatISR
                0x00000140        0xc build/main.o
 .text.APP_UpdateData
                0x0000014c      0x194 build/main.o
 .text.APP_Task1s
                0x000002e0       0x32 build/main.o
 .text.APP_Task10ms
                0x00000312       0x70 build/main.o
 .text.startup.main
                0x00000382      0x1b2 build/main.o
                0x00000382                main
 .text.BARGRAPH_SetLevel
                0x00000534       0xac build/HAL/Bargraph/bargraph.o
                0x00000534                BARGRAPH_SetLevel
 .text.BARGRAPH_Off
                0x000005e0       0x64 build/HAL/Bargraph/bargraph.o
                0x000005e0                BARGRAPH_Off
 .text.BARGRAPH_Init
                0x00000644       0x76 build/HAL/Bargraph/bargraph.o
                0x00000644                BARGRAPH_Init
 .text.BTN_Init
                0x000006ba       0x90 build/HAL/Buttons/buttons.o
                0x000006ba                BTN_Init
 .text.BTN_Update10ms
                0x0000074a       0xe0 build/HAL/Buttons/buttons.o
                0x0000074a                BTN_Update10ms
 .text.BTN_GetEvent
                0x0000082a       0x36 build/HAL/Buttons/buttons.o
                0x0000082a                BTN_GetEvent
 .text.CUR_Init
                0x00000860       0x42 build/HAL/current/current.o
                0x00000860                CUR_Init
 .text.CUR_Update
                0x000008a2       0xe6 build/HAL/current/current.o
                0x000008a2                CUR_Update
 .text.CUR_GetmA
                0x00000988       0x1a build/HAL/current/current.o
                0x00000988                CUR_GetmA
 .text.FLT_Init
                0x000009a2       0x2c build/HAL/floats/floats.o
                0x000009a2                FLT_Init
 .text.FLT_Update
                0x000009ce       0x50 build/HAL/floats/floats.o
                0x000009ce                FLT_Update
 .text.FLT_IsHighActive
                0x00000a1e        0x6 build/HAL/floats/floats.o
                0x00000a1e                FLT_IsHighActive
 .text.FLT_IsLowActive
                0x00000a24        0x6 build/HAL/floats/floats.o
                0x00000a24                FLT_IsLowActive
 .text.LCD_I2C_Write
                0x00000a2a       0x46 build/HAL/lcd_i2c/lcd_i2c.o
 .text.LCD_I2C_SendCommand
                0x00000a70       0x16 build/HAL/lcd_i2c/lcd_i2c.o
                0x00000a70                LCD_I2C_SendCommand
 .text.LCD_I2C_SendData
                0x00000a86       0x16 build/HAL/lcd_i2c/lcd_i2c.o
                0x00000a86                LCD_I2C_SendData
 .text.LCD_I2C_Init
                0x00000a9c       0xa4 build/HAL/lcd_i2c/lcd_i2c.o
                0x00000a9c                LCD_I2C_Init
 .text.LCD_I2C_SendChar
                0x00000b40        0x4 build/HAL/lcd_i2c/lcd_i2c.o
                0x00000b40                LCD_I2C_SendChar
 .text.LCD_I2C_SendString
                0x00000b44       0x26 build/HAL/lcd_i2c/lcd_i2c.o
                0x00000b44                LCD_I2C_SendString
 .text.LCD_I2C_SetCursor
                0x00000b6a       0x1a build/HAL/lcd_i2c/lcd_i2c.o
                0x00000b6a                LCD_I2C_SetCursor
 .text.LCD_I2C_Clear
                0x00000b84       0x14 build/HAL/lcd_i2c/lcd_i2c.o
                0x00000b84                LCD_I2C_Clear
 .text.LCD_I2C_SendNumber
                0x00000b98       0x9a build/HAL/lcd_i2c/lcd_i2c.o
                0x00000b98                LCD_I2C_SendNumber
 .text.LEVEL_Init
                0x00000c32        0x8 build/HAL/Level/level.o
                0x00000c32                LEVEL_Init
 .text.LEVEL_ReadPercentage
                0x00000c3a       0xc6 build/HAL/Level/level.o
                0x00000c3a                LEVEL_ReadPercentage
 .text.PMP_Init
                0x00000d00       0x52 build/HAL/Pump/Pump.o
                0x00000d00                PMP_Init
 .text.PMP_Set  0x00000d52       0x6e build/HAL/Pump/Pump.o
                0x00000d52                PMP_Set
 .text.PMP_GetState
                0x00000dc0       0x18 build/HAL/Pump/Pump.o
                0x00000dc0                PMP_GetState
 .text.PMP_RunSeconds
                0x00000dd8       0x2a build/HAL/Pump/Pump.o
                0x00000dd8                PMP_RunSeconds
 .text.PMP_TotalSeconds
                0x00000e02       0x2a build/HAL/Pump/Pump.o
                0x00000e02                PMP_TotalSeconds
 .text.PMP_Cycles
                0x00000e2c       0x2a build/HAL/Pump/Pump.o
                0x00000e2c                PMP_Cycles
 .text.PMP_Update1s
                0x00000e56       0x5a build/HAL/Pump/Pump.o
                0x00000e56                PMP_Update1s
 .text.SHIFTREG_Init
                0x00000eb0       0x1a build/HAL/Shiftreg/Shiftreg.o
                0x00000eb0                SHIFTREG_Init
 .text.SHIFTREG_SendByte
                0x00000eca       0x42 build/HAL/Shiftreg/Shiftreg.o
                0x00000eca                SHIFTREG_SendByte
 .text.Valve_Init
                0x00000f0c       0x22 build/HAL/Valve/Valve.o
                0x00000f0c                Valve_Init
 .text.Valve_Set
                0x00000f2e       0x22 build/HAL/Valve/Valve.o
                0x00000f2e                Valve_Set
 .text.Valve_GetState
                0x00000f50       0x18 build/HAL/Valve/Valve.o
                0x00000f50                Valve_GetState
 .text.RB_Init  0x00000f68       0x16 build/LIB/Ringbuffer/Ringbuffer.o
                0x00000f68                RB_Init
 .text.RB_Put   0x00000f7e       0x4e build/LIB/Ringbuffer/Ringbuffer.o
                0x00000f7e                RB_Put
 .text.RB_Get   0x00000fcc       0x58 build/LIB/Ringbuffer/Ringbuffer.o
                0x00000fcc                RB_Get
 .text.RB_IsEmpty
                0x00001024       0x20 build/LIB/Ringbuffer/Ringbuffer.o
                0x00001024                RB_IsEmpty
 .text.CON_CompareNoCase
                0x00001044       0x50 build/Logic/Console/console.o
 .text.CON_SkipSpaces
                0x00001094       0x2a build/Logic/Console/console.o
 .text.CON_WriteByte
                0x000010be        0x4 build/Logic/Console/console.o
 .text.CON_Init
                0x000010c2       0x46 build/Logic/Console/console.o
                0x000010c2                CON_Init
 .text.CON_SendHelp
                0x00001108       0x50 build/Logic/Console/console.o
                0x00001108                CON_SendHelp
 .text.CON_SendFaults
                0x00001158       0x28 build/Logic/Console/console.o
                0x00001158                CON_SendFaults
 .text.CON_ProcessCommand
                0x00001180      0x30c build/Logic/Console/console.o
                0x00001180                CON_ProcessCommand
 .text.CON_Run  0x0000148c       0xb2 build/Logic/Console/console.o
                0x0000148c                CON_Run
 .text.DEM_Init
                0x0000153e        0xa build/Logic/demand/demand.o
                0x0000153e                DEM_Init
 .text.DEM_Update
                0x00001548       0x28 build/Logic/demand/demand.o
                0x00001548                DEM_Update
 .text.DEM_GetPumpDemand
                0x00001570        0x6 build/Logic/demand/demand.o
                0x00001570                DEM_GetPumpDemand
 .text.FLG_WriteUint32
                0x00001576       0xd6 build/Logic/FaultLog/faultlog.o
 .text.FLG_Init
                0x0000164c       0x34 build/Logic/FaultLog/faultlog.o
                0x0000164c                FLG_Init
 .text.FLG_GetCount
                0x00001680       0x12 build/Logic/FaultLog/faultlog.o
                0x00001680                FLG_GetCount
 .text.FLG_Clear
                0x00001692        0xa build/Logic/FaultLog/faultlog.o
                0x00001692                FLG_Clear
 .text.FLG_Dump
                0x0000169c      0x172 build/Logic/FaultLog/faultlog.o
                0x0000169c                FLG_Dump
 .text.FLOWMETER_Init
                0x0000180e       0x34 build/Logic/Flowmeter/Flowmeter.o
                0x0000180e                FLOWMETER_Init
 .text.FLOWMETER_Update1Hz
                0x00001842       0x52 build/Logic/Flowmeter/Flowmeter.o
                0x00001842                FLOWMETER_Update1Hz
 .text.FLOWMETER_GetFlowLpmX10
                0x00001894       0x2a build/Logic/Flowmeter/Flowmeter.o
                0x00001894                FLOWMETER_GetFlowLpmX10
 .text.FLOWMETER_GetTotalMilliliters
                0x000018be       0x2a build/Logic/Flowmeter/Flowmeter.o
                0x000018be                FLOWMETER_GetTotalMilliliters
 .text.ResetTimers
                0x000018e8       0x42 build/Logic/interlocks/interlocks.o
 .text.INT_Init
                0x0000192a       0x16 build/Logic/interlocks/interlocks.o
                0x0000192a                INT_Init
 .text.ILK_Reset
                0x00001940       0x18 build/Logic/interlocks/interlocks.o
                0x00001940                ILK_Reset
 .text.ILK_Evaluate
                0x00001958      0x302 build/Logic/interlocks/interlocks.o
                0x00001958                ILK_Evaluate
 .text.SCHEDULER_Init
                0x00001c5a       0x30 build/Logic/Scheduler/Scheduler.o
                0x00001c5a                SCHEDULER_Init
 .text.SCHEDULER_AddTask
                0x00001c8a       0x9c build/Logic/Scheduler/Scheduler.o
                0x00001c8a                SCHEDULER_AddTask
 .text.SCHEDULER_Tick
                0x00001d26       0x5a build/Logic/Scheduler/Scheduler.o
                0x00001d26                SCHEDULER_Tick
 .text.SCHEDULER_Run
                0x00001d80       0x34 build/Logic/Scheduler/Scheduler.o
                0x00001d80                SCHEDULER_Run
 .text.FSM_StopOutputs
                0x00001db4        0xc build/Logic/tank_fsm/tank_fsm.o
 .text.FSM_Init
                0x00001dc0       0x32 build/Logic/tank_fsm/tank_fsm.o
                0x00001dc0                FSM_Init
 .text.FSM_GetState
                0x00001df2        0xa build/Logic/tank_fsm/tank_fsm.o
                0x00001df2                FSM_GetState
 .text.FSM_Ack  0x00001dfc        0xa build/Logic/tank_fsm/tank_fsm.o
                0x00001dfc                FSM_Ack
 .text.FSM_Run  0x00001e06      0x222 build/Logic/tank_fsm/tank_fsm.o
                0x00001e06                FSM_Run
 .text.FSM_IsBuzzerEnabled
                0x00002028       0x18 build/Logic/tank_fsm/tank_fsm.o
                0x00002028                FSM_IsBuzzerEnabled
 .text.ADC_Init
                0x00002040       0x2a build/MCAL/ADC/ADC.o
                0x00002040                ADC_Init
 .text.ADC_ReadChannel
                0x0000206a       0x30 build/MCAL/ADC/ADC.o
                0x0000206a                ADC_ReadChannel
 .text.GPIO_SetPinDirection
                0x0000209a       0xe4 build/MCAL/GPIO/GPIO.o
                0x0000209a                GPIO_SetPinDirection
 .text.GPIO_SetPinValue
                0x0000217e       0x7c build/MCAL/GPIO/GPIO.o
                0x0000217e                GPIO_SetPinValue
 .text.GPIO_GetPinValue
                0x000021fa       0x44 build/MCAL/GPIO/GPIO.o
                0x000021fa                GPIO_GetPinValue
 .text.I2C_InitMaster
                0x0000223e       0x42 build/MCAL/I2C/I2C.o
                0x0000223e                I2C_InitMaster
 .text.I2C_SendStart
                0x00002280       0x1c build/MCAL/I2C/I2C.o
                0x00002280                I2C_SendStart
 .text.I2C_SendStop
                0x0000229c        0x6 build/MCAL/I2C/I2C.o
                0x0000229c                I2C_SendStop
 .text.I2C_SendSlaveAddressWithWrite
                0x000022a2       0x20 build/MCAL/I2C/I2C.o
                0x000022a2                I2C_SendSlaveAddressWithWrite
 .text.I2C_SendByte
                0x000022c2       0x1e build/MCAL/I2C/I2C.o
                0x000022c2                I2C_SendByte
 .text.INTERRUPT_EnableGlobal
                0x000022e0        0xc build/MCAL/INTERRUPT/INTERRUPT.o
                0x000022e0                INTERRUPT_EnableGlobal
 .text.EXTI_SetSense
                0x000022ec       0x54 build/MCAL/INTERRUPT/INTERRUPT.o
                0x000022ec                EXTI_SetSense
 .text.EXTI_ClearFlag
                0x00002340       0x2a build/MCAL/INTERRUPT/INTERRUPT.o
                0x00002340                EXTI_ClearFlag
 .text.EXTI_Enable
                0x0000236a       0x3c build/MCAL/INTERRUPT/INTERRUPT.o
                0x0000236a                EXTI_Enable
 .text.EXTI_SetCallback
                0x000023a6       0x3a build/MCAL/INTERRUPT/INTERRUPT.o
                0x000023a6                EXTI_SetCallback
 .text.__vector_1
                0x000023e0       0x52 build/MCAL/INTERRUPT/INTERRUPT.o
                0x000023e0                __vector_1
 .text.__vector_2
                0x00002432       0x52 build/MCAL/INTERRUPT/INTERRUPT.o
                0x00002432                __vector_2
 .text.__vector_3
                0x00002484       0x52 build/MCAL/INTERRUPT/INTERRUPT.o
                0x00002484                __vector_3
 .text.SPI_InitMaster
                0x000024d6       0x20 build/MCAL/SPI/SPI.o
                0x000024d6                SPI_InitMaster
 .text.SPI_Transceive
                0x000024f6       0x1e build/MCAL/SPI/SPI.o
                0x000024f6                SPI_Transceive
 .text.TIMER0_Init
                0x00002514       0x16 build/MCAL/TIMER/TIMER.o
                0x00002514                TIMER0_Init
 .text.TIMER0_DelayMS
                0x0000252a       0x30 build/MCAL/TIMER/TIMER.o
                0x0000252a                TIMER0_DelayMS
 .text.TIMER1_ExternalCounterInit
                0x0000255a       0x22 build/MCAL/TIMER/TIMER.o
                0x0000255a                TIMER1_ExternalCounterInit
 .text.TIMER1_GetCounter
                0x0000257c        0x6 build/MCAL/TIMER/TIMER.o
                0x0000257c                TIMER1_GetCounter
 .text.__vector_13
                0x00002582       0x56 build/MCAL/UART/UART.o
                0x00002582                __vector_13
 .text.UART_Init
                0x000025d8       0x42 build/MCAL/UART/UART.o
                0x000025d8                UART_Init
 .text.UART_SendByte
                0x0000261a        0xc build/MCAL/UART/UART.o
                0x0000261a                UART_SendByte
 .text.UART_SendString
                0x00002626       0x32 build/MCAL/UART/UART.o
                0x00002626                UART_SendString
 .text.UART_SetRxInterrupt
                0x00002658       0x18 build/MCAL/UART/UART.o
                0x00002658                UART_SetRxInterrupt
 .text.UART_SetRxBuffer
                0x00002670        0xe build/MCAL/UART/UART.o
                0x00002670                UART_SetRxBuffer
 .text.libgcc.mul
                0x0000267e       0x1e C:/avr-gcc/bin/../lib/gcc/avr/15.2.0/avr5\libgcc.a(_umulhisi3.o)
                0x0000267e                __umulhisi3
 .text.libgcc.div
                0x0000269c       0x28 C:/avr-gcc/bin/../lib/gcc/avr/15.2.0/avr5\libgcc.a(_udivmodhi4.o)
                0x0000269c                __udivmodhi4
 .text.libgcc.div
                0x000026c4       0x44 C:/avr-gcc/bin/../lib/gcc/avr/15.2.0/avr5\libgcc.a(_udivmodsi4.o)
                0x000026c4                __udivmodsi4
 .text.libgcc   0x00002708        0xc C:/avr-gcc/bin/../lib/gcc/avr/15.2.0/avr5\libgcc.a(_tablejump2.o)
                0x00002708                __tablejump2__
 .text.libgcc.mul
                0x00002714       0x16 C:/avr-gcc/bin/../lib/gcc/avr/15.2.0/avr5\libgcc.a(_muluhisi3.o)
                0x00002714                __muluhisi3
 .text.avr-libc.fplib
                0x0000272a        0x8 C:/avr-gcc/bin/../lib/gcc/avr/15.2.0/../../../../avr/lib/avr5\libm.a(divsf3.o)
                0x0000272a                __divsf3
 .text.avr-libc.fplib
                0x00002732       0xdc C:/avr-gcc/bin/../lib/gcc/avr/15.2.0/../../../../avr/lib/avr5\libm.a(divsf3x.o)
                0x00002752                __divsf3x
                0x00002758                __divsf3_pse
 .text.avr-libc.fplib
                0x0000280e       0x7a C:/avr-gcc/bin/../lib/gcc/avr/15.2.0/../../../../avr/lib/avr5\libm.a(floatsisf.o)
                0x0000280e                __floatunsisf
                0x00002812                __floatsisf
 .text.avr-libc.fplib
                0x00002888        0xc C:/avr-gcc/bin/../lib/gcc/avr/15.2.0/../../../../avr/lib/avr5\libm.a(fp_inf.o)
                0x00002888                __fp_inf
 .text.avr-libc.fplib
                0x00002894        0x6 C:/avr-gcc/bin/../lib/gcc/avr/15.2.0/../../../../avr/lib/avr5\libm.a(fp_nan.o)
                0x00002894                __fp_nan
 .text.avr-libc.fplib
                0x0000289a        0xe C:/avr-gcc/bin/../lib/gcc/avr/15.2.0/../../../../avr/lib/avr5\libm.a(fp_pscA.o)
                0x0000289a                __fp_pscA
 .text.avr-libc.fplib
                0x000028a8        0xe C:/avr-gcc/bin/../lib/gcc/avr/15.2.0/../../../../avr/lib/avr5\libm.a(fp_pscB.o)
                0x000028a8                __fp_pscB
 .text.avr-libc.fplib
                0x000028b6       0x22 C:/avr-gcc/bin/../lib/gcc/avr/15.2.0/../../../../avr/lib/avr5\libm.a(fp_round.o)
                0x000028b6                __fp_round
 .text.avr-libc.fplib
                0x000028d8       0x44 C:/avr-gcc/bin/../lib/gcc/avr/15.2.0/../../../../avr/lib/avr5\libm.a(fp_split3.o)
                0x000028d8                __fp_split3
                0x000028e8                __fp_splitA
 .text.avr-libc.fplib
                0x0000291c        0xe C:/avr-gcc/bin/../lib/gcc/avr/15.2.0/../../../../avr/lib/avr5\libm.a(fp_zero.o)
                0x0000291c                __fp_zero
                0x0000291e                __fp_szero
 .text.avr-libc
                0x0000292a       0x48 C:/avr-gcc/bin/../lib/gcc/avr/15.2.0/../../../../avr/lib/avr5\libc.a(sprintf.o)
                0x0000292a                sprintf
 .text.avr-libc
                0x00002972      0x3ca C:/avr-gcc/bin/../lib/gcc/avr/15.2.0/../../../../avr/lib/avr5\libc.a(vfprintf_std.o)
                0x00002972                vfprintf
 .text.avr-libc
                0x00002d3c       0x16 C:/avr-gcc/bin/../lib/gcc/avr/15.2.0/../../../../avr/lib/avr5\libc.a(strnlen_P.o)
                0x00002d3c                strnlen_P
 .text.avr-libc
                0x00002d52       0x16 C:/avr-gcc/bin/../lib/gcc/avr/15.2.0/../../../../avr/lib/avr5\libc.a(strnlen.o)
                0x00002d52                strnlen
 .text.avr-libc
                0x00002d68       0x82 C:/avr-gcc/bin/../lib/gcc/avr/15.2.0/../../../../avr/lib/avr5\libc.a(fputc.o)
                0x00002d68                fputc
 .text.avr-libc
                0x00002dea       0xbc C:/avr-gcc/bin/../lib/gcc/avr/15.2.0/../../../../avr/lib/avr5\libc.a(ultoa_invert.o)
                0x00002dea                __ultoa_invert
 .text.libgcc.div
                0x00002ea6       0x10 C:/avr-gcc/bin/../lib/gcc/avr/15.2.0/avr5\libgcc.a(_negsi2.o)
                0x00002ea6                __negsi2
 .text.libgcc.prologue
                0x00002eb6       0x38 C:/avr-gcc/bin/../lib/gcc/avr/15.2.0/avr5\libgcc.a(_prologue.o)
                0x00002eb6                __prologue_saves__
 .text.libgcc.prologue
                0x00002eee       0x36 C:/avr-gcc/bin/../lib/gcc/avr/15.2.0/avr5\libgcc.a(_epilogue.o)
                0x00002eee                __epilogue_restores__
                0x00002f24                        . = ALIGN (0x2)
 *(.fini9)
 .fini9         0x00002f24        0x0 C:/avr-gcc/bin/../lib/gcc/avr/15.2.0/avr5\libgcc.a(_exit.o)
                0x00002f24                _exit
                0x00002f24                exit
 *(.fini9)
 *(.fini8)
 *(.fini8)
 *(.fini7)
 *(.fini7)
 *(.fini6)
 *(.fini6)
 *(.fini5)
 *(.fini5)
 *(.fini4)
 *(.fini4)
 *(.fini3)
 *(.fini3)
 *(.fini2)
 *(.fini2)
 *(.fini1)
 *(.fini1)
 *(.fini0)
 .fini0         0x00002f24        0x4 C:/avr-gcc/bin/../lib/gcc/avr/15.2.0/avr5\libgcc.a(_exit.o)
 *(.fini0)
 *(.hightext)
 *(.hightext*)
 *(.progmemx)
 *(.progmemx.*)
                0x00002f28                        . = ALIGN (0x2)
 *(.jumptables)
 *(.jumptables*)
 .jumptables.gcc.ILK_Evaluate
                0x00002f28       0x12 build/Logic/interlocks/interlocks.o
 .jumptables.gcc.FSM_Run
                0x00002f3a       0x10 build/Logic/tank_fsm/tank_fsm.o
                0x00002f4a                        _etext = .

.data           0x00800060      0x1f8 load address 0x00002f4a
                0x00800060                        PROVIDE (__data_start = .)
 *(.data)
 *(.data*)
 .data.s_buttons
                0x00800060       0x1e build/HAL/Buttons/buttons.o
 .data.Global_u16MinOffTicks
                0x0080007e        0x2 build/Logic/tank_fsm/tank_fsm.o
 *(.gnu.linkonce.d*)
 *(.rodata)
 *(.rodata*)
 .rodata.APP_Task500ms.str1.1
                0x00800080      0x1d7 build/main.o
                                 0x1c (size before relaxing)
 .rodata.CON_SendStatus.str1.1
                0x00800257        0x0 build/Logic/Console/console.o
                                 0x3e (size before relaxing)
 .rodata.CON_SendHelp.str1.1
                0x00800257        0x0 build/Logic/Console/console.o
                                 0x59 (size before relaxing)
 .rodata.CON_SendFaults.str1.1
                0x00800257        0x0 build/Logic/Console/console.o
                                  0xc (size before relaxing)
 .rodata.CON_ProcessCommand.str1.1
                0x00800257        0x0 build/Logic/Console/console.o
                                0x117 (size before relaxing)
 .rodata.FLG_Dump.str1.1
                0x00800257        0x0 build/Logic/FaultLog/faultlog.o
                                  0x5 (size before relaxing)
 *(.gnu.linkonce.r*)
                0x00800258                        . = ALIGN (0x2)
 *fill*         0x00800257        0x1 
                0x00800258                        _edata = .
                0x00800258                        PROVIDE (__data_end = .)

.bss            0x00800258      0x25e
                0x00800258                        PROVIDE (__bss_start = .)
 *(.bss)
 *(.bss*)
 .bss.Local_u16BuzzerTicks.0
                0x00800258        0x2 build/main.o
 .bss.Global_stFaultLog
                0x0080025a       0x93 build/main.o
 .bss.Global_stTankData
                0x008002ed       0x20 build/main.o
                0x008002ed                Global_stTankData
 .bss.Global_u32SampleSum
                0x0080030d        0x4 build/HAL/current/current.o
 .bss.Global_u8SampleIndex
                0x00800311        0x1 build/HAL/current/current.o
 .bss.Global_u16Samples
                0x00800312        0x8 build/HAL/current/current.o
 .bss.Global_u16CurrentmA
                0x0080031a        0x2 build/HAL/current/current.o
 .bss.Global_u8LowState
                0x0080031c        0x1 build/HAL/floats/floats.o
 .bss.Global_u8HighState
                0x0080031d        0x1 build/HAL/floats/floats.o
 .bss.Pump_u32Cycles
                0x0080031e        0x4 build/HAL/Pump/Pump.o
 .bss.Pump_u32TotalSeconds
                0x00800322        0x4 build/HAL/Pump/Pump.o
 .bss.Pump_u32RunSeconds
                0x00800326        0x4 build/HAL/Pump/Pump.o
 .bss.Pump_u8State
                0x0080032a        0x1 build/HAL/Pump/Pump.o
 .bss.Valve_u8State
                0x0080032b        0x1 build/HAL/Valve/Valve.o
 .bss.g_conLineLen
                0x0080032c        0x1 build/Logic/Console/console.o
 .bss.g_conLine
                0x0080032d       0x29 build/Logic/Console/console.o
 .bss.g_conFaultLog
                0x00800356       0x93 build/Logic/Console/console.o
                0x00800356                g_conFaultLog
 .bss.g_conRxBuffer
                0x008003e9       0x43 build/Logic/Console/console.o
 .bss.Global_u8PumpDemand
                0x0080042c        0x1 build/Logic/demand/demand.o
 .bss.g_totalPulses
                0x0080042d        0x4 build/Logic/Flowmeter/Flowmeter.o
 .bss.g_pulsesLastSecond
                0x00800431        0x2 build/Logic/Flowmeter/Flowmeter.o
 .bss.g_lastCount
                0x00800433        0x2 build/Logic/Flowmeter/Flowmeter.o
 .bss.Global_u8Ack
                0x00800435        0x1 build/Logic/interlocks/interlocks.o
 .bss.Global_u8NoRiseStartLevel
                0x00800436        0x1 build/Logic/interlocks/interlocks.o
 .bss.Global_u8LeakStartLevel
                0x00800437        0x1 build/Logic/interlocks/interlocks.o
 .bss.Global_u16NoRiseTicks
                0x00800438        0x2 build/Logic/interlocks/interlocks.o
 .bss.Global_u16LeakTicks
                0x0080043a        0x2 build/Logic/interlocks/interlocks.o
 .bss.Global_u16LevelSensorTicks
                0x0080043c        0x2 build/Logic/interlocks/interlocks.o
 .bss.Global_u16DryRunTicks
                0x0080043e        0x2 build/Logic/interlocks/interlocks.o
 .bss.Global_u16NoCurrentTicks
                0x00800440        0x2 build/Logic/interlocks/interlocks.o
 .bss.Global_u16OverCurrentTicks
                0x00800442        0x2 build/Logic/interlocks/interlocks.o
 .bss.Global_u16OverflowTicks
                0x00800444        0x2 build/Logic/interlocks/interlocks.o
 .bss.Global_eTrip
                0x00800446        0x2 build/Logic/interlocks/interlocks.o
 .bss.Scheduler_Initialized
                0x00800448        0x1 build/Logic/Scheduler/Scheduler.o
 .bss.Scheduler_Tasks
                0x00800449       0x60 build/Logic/Scheduler/Scheduler.o
 .bss.Global_u8BuzzerSilenced
                0x008004a9        0x1 build/Logic/tank_fsm/tank_fsm.o
 .bss.Global_u16SettlingTicks
                0x008004aa        0x2 build/Logic/tank_fsm/tank_fsm.o
 .bss.Global_eCurrentState
                0x008004ac        0x2 build/Logic/tank_fsm/tank_fsm.o
 .bss.EXTI_INT2_Callback
                0x008004ae        0x2 build/MCAL/INTERRUPT/INTERRUPT.o
 .bss.EXTI_INT1_Callback
                0x008004b0        0x2 build/MCAL/INTERRUPT/INTERRUPT.o
 .bss.EXTI_INT0_Callback
                0x008004b2        0x2 build/MCAL/INTERRUPT/INTERRUPT.o
 .bss.g_uartRxBuffer
                0x008004b4        0x2 build/MCAL/UART/UART.o
 *(COMMON)
                0x008004b6                        PROVIDE (__bss_end = .)
                0x00002f4a                        __data_load_start = LOADADDR (.data)
                0x00003142                        __data_load_end = (__data_load_start + SIZEOF (.data))

.noinit         0x008004b6        0x0
                [!provide]                        PROVIDE (__noinit_start = .)
 *(.noinit .noinit.* .gnu.linkonce.n.*)
                [!provide]                        PROVIDE (__noinit_end = .)
                0x008004b6                        _end = .
                [!provide]                        PROVIDE (__heap_start = .)
                0x00000000                        __flmap_init_label = DEFINED (__flmap_noinit_start)?__flmap_noinit_start:0x0
                0x00000000                        __flmap = DEFINED (__flmap)?__flmap:0x0

.eeprom         0x00810000        0x0
 *(.eeprom*)
                0x00810000                        __eeprom_end = .

.fuse
 *(.fuse)
 *(.lfuse)
 *(.hfuse)
 *(.efuse)

.lock
 *(.lock*)

.signature
 *(.signature*)

.stab
 *(.stab)

.stabstr
 *(.stabstr)

.stab.excl
 *(.stab.excl)

.stab.exclstr
 *(.stab.exclstr)

.stab.index
 *(.stab.index)

.stab.indexstr
 *(.stab.indexstr)

.comment        0x00000000       0x12
 *(.comment)
 .comment       0x00000000       0x12 build/main.o
                                 0x13 (size before relaxing)
 .comment       0x00000012        0x0 build/HAL/Bargraph/bargraph.o
                                 0x13 (size before relaxing)
 .comment       0x00000012        0x0 build/HAL/Buttons/buttons.o
                                 0x13 (size before relaxing)
 .comment       0x00000012        0x0 build/HAL/current/current.o
                                 0x13 (size before relaxing)
 .comment       0x00000012        0x0 build/HAL/floats/floats.o
                                 0x13 (size before relaxing)
 .comment       0x00000012        0x0 build/HAL/lcd_i2c/lcd_i2c.o
                                 0x13 (size before relaxing)
 .comment       0x00000012        0x0 build/HAL/Level/level.o
                                 0x13 (size before relaxing)
 .comment       0x00000012        0x0 build/HAL/Pump/Pump.o
                                 0x13 (size before relaxing)
 .comment       0x00000012        0x0 build/HAL/Shiftreg/Shiftreg.o
                                 0x13 (size before relaxing)
 .comment       0x00000012        0x0 build/HAL/Valve/Valve.o
                                 0x13 (size before relaxing)
 .comment       0x00000012        0x0 build/LIB/Ringbuffer/Ringbuffer.o
                                 0x13 (size before relaxing)
 .comment       0x00000012        0x0 build/Logic/Console/console.o
                                 0x13 (size before relaxing)
 .comment       0x00000012        0x0 build/Logic/demand/demand.o
                                 0x13 (size before relaxing)
 .comment       0x00000012        0x0 build/Logic/FaultLog/faultlog.o
                                 0x13 (size before relaxing)
 .comment       0x00000012        0x0 build/Logic/Flowmeter/Flowmeter.o
                                 0x13 (size before relaxing)
 .comment       0x00000012        0x0 build/Logic/interlocks/interlocks.o
                                 0x13 (size before relaxing)
 .comment       0x00000012        0x0 build/Logic/Scheduler/Scheduler.o
                                 0x13 (size before relaxing)
 .comment       0x00000012        0x0 build/Logic/tank_fsm/tank_fsm.o
                                 0x13 (size before relaxing)
 .comment       0x00000012        0x0 build/MCAL/ADC/ADC.o
                                 0x13 (size before relaxing)
 .comment       0x00000012        0x0 build/MCAL/GPIO/GPIO.o
                                 0x13 (size before relaxing)
 .comment       0x00000012        0x0 build/MCAL/I2C/I2C.o
                                 0x13 (size before relaxing)
 .comment       0x00000012        0x0 build/MCAL/INTERRUPT/INTERRUPT.o
                                 0x13 (size before relaxing)
 .comment       0x00000012        0x0 build/MCAL/SPI/SPI.o
                                 0x13 (size before relaxing)
 .comment       0x00000012        0x0 build/MCAL/TIMER/TIMER.o
                                 0x13 (size before relaxing)
 .comment       0x00000012        0x0 build/MCAL/UART/UART.o
                                 0x13 (size before relaxing)
 .comment       0x00000012        0x0 C:/avr-gcc/bin/../lib/gcc/avr/15.2.0/../../../../avr/lib/avr5\libc.a(sprintf.o)
                                 0x13 (size before relaxing)
 .comment       0x00000012        0x0 C:/avr-gcc/bin/../lib/gcc/avr/15.2.0/../../../../avr/lib/avr5\libc.a(vfprintf_std.o)
                                 0x13 (size before relaxing)
 .comment       0x00000012        0x0 C:/avr-gcc/bin/../lib/gcc/avr/15.2.0/../../../../avr/lib/avr5\libc.a(fputc.o)
                                 0x13 (size before relaxing)

.note.gnu.avr.deviceinfo
                0x00000000       0x3c
 .note.gnu.avr.deviceinfo
                0x00000000       0x3c C:/avr-gcc/bin/../lib/gcc/avr/15.2.0/../../../../avr/lib/avr5/crtatmega32.o

.gnu.build.attributes
 *(.gnu.build.attributes .gnu.build.attributes.*)

.note.gnu.build-id
 *(.note.gnu.build-id)

.debug
 *(.debug)

.line
 *(.line)

.debug_srcinfo
 *(.debug_srcinfo)

.debug_sfnames
 *(.debug_sfnames)

.debug_aranges  0x00000000      0x160
 *(.debug_aranges)
 .debug_aranges
                0x00000000       0x20 C:/avr-gcc/bin/../lib/gcc/avr/15.2.0/avr5\libgcc.a(_umulhisi3.o)
 .debug_aranges
                0x00000020       0x20 C:/avr-gcc/bin/../lib/gcc/avr/15.2.0/avr5\libgcc.a(_udivmodhi4.o)
 .debug_aranges
                0x00000040       0x20 C:/avr-gcc/bin/../lib/gcc/avr/15.2.0/avr5\libgcc.a(_udivmodsi4.o)
 .debug_aranges
                0x00000060       0x20 C:/avr-gcc/bin/../lib/gcc/avr/15.2.0/avr5\libgcc.a(_exit.o)
 .debug_aranges
                0x00000080       0x20 C:/avr-gcc/bin/../lib/gcc/avr/15.2.0/avr5\libgcc.a(_tablejump2.o)
 .debug_aranges
                0x000000a0       0x20 C:/avr-gcc/bin/../lib/gcc/avr/15.2.0/avr5\libgcc.a(_copy_data.o)
 .debug_aranges
                0x000000c0       0x20 C:/avr-gcc/bin/../lib/gcc/avr/15.2.0/avr5\libgcc.a(_clear_bss.o)
 .debug_aranges
                0x000000e0       0x20 C:/avr-gcc/bin/../lib/gcc/avr/15.2.0/avr5\libgcc.a(_muluhisi3.o)
 .debug_aranges
                0x00000100       0x20 C:/avr-gcc/bin/../lib/gcc/avr/15.2.0/avr5\libgcc.a(_negsi2.o)
 .debug_aranges
                0x00000120       0x20 C:/avr-gcc/bin/../lib/gcc/avr/15.2.0/avr5\libgcc.a(_prologue.o)
 .debug_aranges
                0x00000140       0x20 C:/avr-gcc/bin/../lib/gcc/avr/15.2.0/avr5\libgcc.a(_epilogue.o)

.debug_pubnames
 *(.debug_pubnames)

.debug_info     0x00000000      0x672
 *(.debug_info .gnu.linkonce.wi.*)
 .debug_info    0x00000000      0x4e6 C:/avr-gcc/bin/../lib/gcc/avr/15.2.0/../../../../avr/lib/avr5/crtatmega32.o
 .debug_info    0x000004e6       0x24 C:/avr-gcc/bin/../lib/gcc/avr/15.2.0/avr5\libgcc.a(_umulhisi3.o)
 .debug_info    0x0000050a       0x24 C:/avr-gcc/bin/../lib/gcc/avr/15.2.0/avr5\libgcc.a(_udivmodhi4.o)
 .debug_info    0x0000052e       0x24 C:/avr-gcc/bin/../lib/gcc/avr/15.2.0/avr5\libgcc.a(_udivmodsi4.o)
 .debug_info    0x00000552       0x24 C:/avr-gcc/bin/../lib/gcc/avr/15.2.0/avr5\libgcc.a(_exit.o)
 .debug_info    0x00000576       0x24 C:/avr-gcc/bin/../lib/gcc/avr/15.2.0/avr5\libgcc.a(_tablejump2.o)
 .debug_info    0x0000059a       0x24 C:/avr-gcc/bin/../lib/gcc/avr/15.2.0/avr5\libgcc.a(_copy_data.o)
 .debug_info    0x000005be       0x24 C:/avr-gcc/bin/../lib/gcc/avr/15.2.0/avr5\libgcc.a(_clear_bss.o)
 .debug_info    0x000005e2       0x24 C:/avr-gcc/bin/../lib/gcc/avr/15.2.0/avr5\libgcc.a(_muluhisi3.o)
 .debug_info    0x00000606       0x24 C:/avr-gcc/bin/../lib/gcc/avr/15.2.0/avr5\libgcc.a(_negsi2.o)
 .debug_info    0x0000062a       0x24 C:/avr-gcc/bin/../lib/gcc/avr/15.2.0/avr5\libgcc.a(_prologue.o)
 .debug_info    0x0000064e       0x24 C:/avr-gcc/bin/../lib/gcc/avr/15.2.0/avr5\libgcc.a(_epilogue.o)

.debug_abbrev   0x00000000      0x57f
 *(.debug_abbrev)
 .debug_abbrev  0x00000000      0x4a3 C:/avr-gcc/bin/../lib/gcc/avr/15.2.0/../../../../avr/lib/avr5/crtatmega32.o
 .debug_abbrev  0x000004a3       0x14 C:/avr-gcc/bin/../lib/gcc/avr/15.2.0/avr5\libgcc.a(_umulhisi3.o)
 .debug_abbrev  0x000004b7       0x14 C:/avr-gcc/bin/../lib/gcc/avr/15.2.0/avr5\libgcc.a(_udivmodhi4.o)
 .debug_abbrev  0x000004cb       0x14 C:/avr-gcc/bin/../lib/gcc/avr/15.2.0/avr5\libgcc.a(_udivmodsi4.o)
 .debug_abbrev  0x000004df       0x14 C:/avr-gcc/bin/../lib/gcc/avr/15.2.0/avr5\libgcc.a(_exit.o)
 .debug_abbrev  0x000004f3       0x14 C:/avr-gcc/bin/../lib/gcc/avr/15.2.0/avr5\libgcc.a(_tablejump2.o)
 .debug_abbrev  0x00000507       0x14 C:/avr-gcc/bin/../lib/gcc/avr/15.2.0/avr5\libgcc.a(_copy_data.o)
 .debug_abbrev  0x0000051b       0x14 C:/avr-gcc/bin/../lib/gcc/avr/15.2.0/avr5\libgcc.a(_clear_bss.o)
 .debug_abbrev  0x0000052f       0x14 C:/avr-gcc/bin/../lib/gcc/avr/15.2.0/avr5\libgcc.a(_muluhisi3.o)
 .debug_abbrev  0x00000543       0x14 C:/avr-gcc/bin/../lib/gcc/avr/15.2.0/avr5\libgcc.a(_negsi2.o)
 .debug_abbrev  0x00000557       0x14 C:/avr-gcc/bin/../lib/gcc/avr/15.2.0/avr5\libgcc.a(_prologue.o)
 .debug_abbrev  0x0000056b       0x14 C:/avr-gcc/bin/../lib/gcc/avr/15.2.0/avr5\libgcc.a(_epilogue.o)

.debug_line     0x00000000      0x6e6
 *(.debug_line .debug_line.* .debug_line_end)
 .debug_line    0x00000000       0x1d C:/avr-gcc/bin/../lib/gcc/avr/15.2.0/../../../../avr/lib/avr5/crtatmega32.o
 .debug_line    0x0000001d       0x9f C:/avr-gcc/bin/../lib/gcc/avr/15.2.0/avr5\libgcc.a(_umulhisi3.o)
 .debug_line    0x000000bc       0xbd C:/avr-gcc/bin/../lib/gcc/avr/15.2.0/avr5\libgcc.a(_udivmodhi4.o)
 .debug_line    0x00000179      0x111 C:/avr-gcc/bin/../lib/gcc/avr/15.2.0/avr5\libgcc.a(_udivmodsi4.o)
 .debug_line    0x0000028a       0x51 C:/avr-gcc/bin/../lib/gcc/avr/15.2.0/avr5\libgcc.a(_exit.o)
 .debug_line    0x000002db       0x69 C:/avr-gcc/bin/../lib/gcc/avr/15.2.0/avr5\libgcc.a(_tablejump2.o)
 .debug_line    0x00000344       0x87 C:/avr-gcc/bin/../lib/gcc/avr/15.2.0/avr5\libgcc.a(_copy_data.o)
 .debug_line    0x000003cb       0x75 C:/avr-gcc/bin/../lib/gcc/avr/15.2.0/avr5\libgcc.a(_clear_bss.o)
 .debug_line    0x00000440       0x81 C:/avr-gcc/bin/../lib/gcc/avr/15.2.0/avr5\libgcc.a(_muluhisi3.o)
 .debug_line    0x000004c1       0x51 C:/avr-gcc/bin/../lib/gcc/avr/15.2.0/avr5\libgcc.a(_negsi2.o)
 .debug_line    0x00000512       0xed C:/avr-gcc/bin/../lib/gcc/avr/15.2.0/avr5\libgcc.a(_prologue.o)
 .debug_line    0x000005ff       0xe7 C:/avr-gcc/bin/../lib/gcc/avr/15.2.0/avr5\libgcc.a(_epilogue.o)

.debug_frame
 *(.debug_frame)

.debug_str      0x00000000      0x1fe
 *(.debug_str)
 .debug_str     0x00000000      0x196 C:/avr-gcc/bin/../lib/gcc/avr/15.2.0/../../../../avr/lib/avr5/crtatmega32.o
 .debug_str     0x00000196       0x68 C:/avr-gcc/bin/../lib/gcc/avr/15.2.0/avr5\libgcc.a(_umulhisi3.o)
 .debug_str     0x000001fe        0x0 C:/avr-gcc/bin/../lib/gcc/avr/15.2.0/avr5\libgcc.a(_udivmodhi4.o)
                                 0x68 (size before relaxing)
 .debug_str     0x000001fe        0x0 C:/avr-gcc/bin/../lib/gcc/avr/15.2.0/avr5\libgcc.a(_udivmodsi4.o)
                                 0x68 (size before relaxing)
 .debug_str     0x000001fe        0x0 C:/avr-gcc/bin/../lib/gcc/avr/15.2.0/avr5\libgcc.a(_exit.o)
                                 0x68 (size before relaxing)
 .debug_str     0x000001fe        0x0 C:/avr-gcc/bin/../lib/gcc/avr/15.2.0/avr5\libgcc.a(_tablejump2.o)
                                 0x68 (size before relaxing)
 .debug_str     0x000001fe        0x0 C:/avr-gcc/bin/../lib/gcc/avr/15.2.0/avr5\libgcc.a(_copy_data.o)
                                 0x68 (size before relaxing)
 .debug_str     0x000001fe        0x0 C:/avr-gcc/bin/../lib/gcc/avr/15.2.0/avr5\libgcc.a(_clear_bss.o)
                                 0x68 (size before relaxing)
 .debug_str     0x000001fe        0x0 C:/avr-gcc/bin/../lib/gcc/avr/15.2.0/avr5\libgcc.a(_muluhisi3.o)
                                 0x68 (size before relaxing)
 .debug_str     0x000001fe        0x0 C:/avr-gcc/bin/../lib/gcc/avr/15.2.0/avr5\libgcc.a(_negsi2.o)
                                 0x68 (size before relaxing)
 .debug_str     0x000001fe        0x0 C:/avr-gcc/bin/../lib/gcc/avr/15.2.0/avr5\libgcc.a(_prologue.o)
                                 0x68 (size before relaxing)
 .debug_str     0x000001fe        0x0 C:/avr-gcc/bin/../lib/gcc/avr/15.2.0/avr5\libgcc.a(_epilogue.o)
                                 0x68 (size before relaxing)

.debug_loc
 *(.debug_loc)

.debug_macinfo
 *(.debug_macinfo)

.debug_weaknames
 *(.debug_weaknames)

.debug_funcnames
 *(.debug_funcnames)

.debug_typenames
 *(.debug_typenames)

.debug_varnames
 *(.debug_varnames)

.debug_pubtypes
 *(.debug_pubtypes)

.debug_ranges
 *(.debug_ranges)

.debug_addr
 *(.debug_addr)

.debug_line_str
                0x00000000       0x5c
 *(.debug_line_str)
 .debug_line_str
                0x00000000       0x5c C:/avr-gcc/bin/../lib/gcc/avr/15.2.0/avr5\libgcc.a(_umulhisi3.o)
 .debug_line_str
                0x0000005c        0x0 C:/avr-gcc/bin/../lib/gcc/avr/15.2.0/avr5\libgcc.a(_udivmodhi4.o)
                                 0x5c (size before relaxing)
 .debug_line_str
                0x0000005c        0x0 C:/avr-gcc/bin/../lib/gcc/avr/15.2.0/avr5\libgcc.a(_udivmodsi4.o)
                                 0x5c (size before relaxing)
 .debug_line_str
                0x0000005c        0x0 C:/avr-gcc/bin/../lib/gcc/avr/15.2.0/avr5\libgcc.a(_exit.o)
                                 0x5c (size before relaxing)
 .debug_line_str
                0x0000005c        0x0 C:/avr-gcc/bin/../lib/gcc/avr/15.2.0/avr5\libgcc.a(_tablejump2.o)
                                 0x5c (size before relaxing)
 .debug_line_str
                0x0000005c        0x0 C:/avr-gcc/bin/../lib/gcc/avr/15.2.0/avr5\libgcc.a(_copy_data.o)
                                 0x5c (size before relaxing)
 .debug_line_str
                0x0000005c        0x0 C:/avr-gcc/bin/../lib/gcc/avr/15.2.0/avr5\libgcc.a(_clear_bss.o)
                                 0x5c (size before relaxing)
 .debug_line_str
                0x0000005c        0x0 C:/avr-gcc/bin/../lib/gcc/avr/15.2.0/avr5\libgcc.a(_muluhisi3.o)
                                 0x5c (size before relaxing)
 .debug_line_str
                0x0000005c        0x0 C:/avr-gcc/bin/../lib/gcc/avr/15.2.0/avr5\libgcc.a(_negsi2.o)
                                 0x5c (size before relaxing)
 .debug_line_str
                0x0000005c        0x0 C:/avr-gcc/bin/../lib/gcc/avr/15.2.0/avr5\libgcc.a(_prologue.o)
                                 0x5c (size before relaxing)
 .debug_line_str
                0x0000005c        0x0 C:/avr-gcc/bin/../lib/gcc/avr/15.2.0/avr5\libgcc.a(_epilogue.o)
                                 0x5c (size before relaxing)

.debug_loclists
 *(.debug_loclists)

.debug_macro
 *(.debug_macro)

.debug_names
 *(.debug_names)

.debug_rnglists
 *(.debug_rnglists)

.debug_str_offsets
 *(.debug_str_offsets)

.debug_sup
 *(.debug_sup)
OUTPUT(build/program.elf elf32-avr)
LOAD linker stubs
